// Jest Snapshot v1, https://goo.gl/fbAQLP

exports[`LandingPage should render correctly 1`] = `
<div>
  <div
    class="css-lfxbxi"
  >
    <title>
      WorldOfTech | Curated Technology Directory
    </title>
    <meta
      content="The premium curated directory for tech resources, documentation, guides, and tools."
      name="description"
    />
    <meta
      content="technology, tools, developer tools, system utilities, media streaming, ai resources, learning"
      name="keywords"
    />
    <meta
      content="index, follow"
      name="robots"
    />
    <link
      href="https://worldoftech.dev/"
      rel="canonical"
    />
    <meta
      content="website"
      property="og:type"
    />
    <meta
      content="WorldOfTech | Curated Technology Directory"
      property="og:title"
    />
    <meta
      content="The premium curated directory for tech resources, documentation, guides, and tools."
      property="og:description"
    />
    <meta
      content="https://worldoftech.dev/og-image.png"
      property="og:image"
    />
    <meta
      content="https://worldoftech.dev/"
      property="og:url"
    />
    <meta
      content="WorldOfTech"
      property="og:site_name"
    />
    <meta
      content="summary_large_image"
      name="twitter:card"
    />
    <meta
      content="WorldOfTech | Curated Technology Directory"
      name="twitter:title"
    />
    <meta
      content="The premium curated directory for tech resources, documentation, guides, and tools."
      name="twitter:description"
    />
    <meta
      content="https://worldoftech.dev/og-image.png"
      name="twitter:image"
    />
    <meta
      content="@worldoftech"
      name="twitter:creator"
    />
    <script
      type="application/ld+json"
    >
      {"@context":"https://schema.org","@type":"WebSite","name":"WorldOfTech","url":"https://worldoftech.dev","description":"The premium curated directory for tech resources, documentation, guides, and tools."}
    </script>
    <section
      class="css-f2psgt"
    >
      <div
        class="css-1davq0z"
      >
        <div
          style="position: absolute; top: 10%; left: 10%; width: 400px; height: 400px; border-radius: full; filter: blur(60px); will-change: transform;"
        />
        <div
          style="position: absolute; bottom: 10%; right: 15%; width: 500px; height: 500px; border-radius: full; filter: blur(80px); will-change: transform;"
        />
        <div
          style="position: absolute; top: 40%; left: 50%; transform: translate(-50%, -50%); width: 800px; height: 800px; border-radius: full; filter: blur(100px); will-change: opacity,transform;"
        />
      </div>
      <div
        style="opacity: 0; will-change: opacity,transform; transform: translateY(20px);"
      >
        <div
          class="css-1ja7kri"
        >
          <div
            class="css-79elbk"
          >
            <div
              class="css-2o06cr"
            />
            <div
              style="position: absolute; inset: 0; border-radius: 100%; will-change: transform,opacity;"
            />
          </div>
          <p
            class="css-19pl9ou"
          >
            v0.2.0
          </p>
        </div>
      </div>
      <div
        class="chakra-stack css-hx52aw"
      >
        <div
          style="opacity: 0; will-change: opacity,transform; transform: translateY(20px);"
        >
          <h1
            class="chakra-heading css-1w81ggr"
          >
            CURATING THE
             
            <br />
            <span
              class="css-1sqs9xv"
            >
              TECH ELITE.
            </span>
          </h1>
        </div>
        <div
          style="opacity: 0; will-change: opacity,transform; transform: translateY(20px);"
        >
          <p
            class="css-3ws0pp"
          >
            Explore an extensive library of resources, software, infrastructure patterns, and security protocols designed for high-performance engineering teams.
          </p>
        </div>
      </div>
      <div
        class="css-458sx5"
      >
        <div
          style="opacity: 0; will-change: opacity,transform; transform: scale(0.95);"
        >
          <div
            class="css-a3wrwu"
          >
            <div
              class="css-1qami3l"
            />
            <p
              class="css-lgmh4x"
            >
              Tech Stack
            </p>
          </div>
          <div
            class="css-ekv6w8"
          />
          <div
            class="css-94opoh"
          >
            <div
              class="css-unlspa"
            >
              <span
                class="material-symbols-outlined"
                style="font-size: 22px;"
              >
                search
              </span>
            </div>
            <input
              class="chakra-input css-q852k9"
              placeholder="Search the tech stack..."
              value=""
            />
            <button
              class="chakra-button css-lkyhja"
              disabled=""
              type="button"
            >
              EXECUTE
            </button>
          </div>
        </div>
      </div>
    </section>
    <section
      class="css-k8oz1p"
    >
      <div
        class="css-bjm0tt"
      >
        <div
          class="css-mnwnnm"
        >
          <div
            class="css-79elbk"
          >
            <button
              class="chakra-button css-e59dnr"
              type="button"
            >
              Information Library
            </button>
          </div>
          <div
            class="css-79elbk"
          >
            <button
              class="chakra-button css-e59dnr"
              type="button"
            >
              Engineering Tools
            </button>
          </div>
          <div
            class="css-79elbk"
          >
            <button
              class="chakra-button css-1qv51z7"
              type="button"
            >
              Show All
            </button>
            <div
              style="position: absolute; inset: 0; border-radius: var(--chakra-radii-xl); z-index: 0; box-shadow: 0 4px 12px rgba(139, 92, 246, 0.3);"
            />
          </div>
        </div>
        <div
          class="css-kelqce"
        >
          <div
            class="chakra-stack css-1iqvyeg"
          >
            <button
              class="chakra-button css-tmfldm"
              type="button"
            >
              <span
                class="material-symbols-outlined"
                style="font-size: 20px;"
              >
                grid_view
              </span>
            </button>
            <button
              class="chakra-button css-g1tg1y"
              type="button"
            >
              <span
                class="material-symbols-outlined"
                style="font-size: 20px;"
              >
                view_list
              </span>
            </button>
          </div>
        </div>
      </div>
      <div
        class="css-1ytgur3"
      >
        <div
          class="css-1pms3ts"
          style="opacity: 0; will-change: opacity,transform; transform: scale(0.9);"
        >
          <a
            data-discover="true"
            href="/media"
            style="text-decoration: none; display: block; height: 100%;"
          >
            <div
              class="css-cm3t09"
              role="group"
            >
              <div
                class="css-16icayy"
              />
              <div
                class="css-jd24an"
              >
                <div
                  class="css-1gtumgu"
                >
                  <div
                    class="css-1fq9dua"
                  >
                    <div
                      class="css-l9cebf"
                    >
                      <span
                        class="material-symbols-outlined css-rxsw1p"
                      >
                        movie
                      </span>
                    </div>
                    <div>
                      <p
                        class="css-dvd87q"
                      >
                        Tech Stack
                      </p>
                      <p
                        class="css-cfdib3"
                      >
                        01
                         
                        // 
                         
                        7
                         
                         RESOURCES
                      </p>
                    </div>
                  </div>
                  <div
                    class="css-1rr4qq7"
                  >
                    <h3
                      class="chakra-heading css-3d0s75"
                    >
                      MEDIA RESOURCES
                    </h3>
                    <p
                      class="css-oro6pk"
                    >
                      Elite streaming, download, and media management platforms.
                    </p>
                  </div>
                </div>
                <div
                  class="css-qp16bu"
                >
                  <div
                    class="chakra-stack css-1x0y7ph"
                  >
                    <div
                      class="css-2o06cr"
                    />
                    <p
                      class="css-13828rh"
                    >
                      / ELITE STACK
                    </p>
                  </div>
                  <div
                    class="css-1v2nvzt"
                  >
                    <span
                      class="material-symbols-outlined css-14tyfx3"
                    >
                      arrow_forward
                    </span>
                  </div>
                </div>
              </div>
            </div>
          </a>
        </div>
        <div
          class="css-1pms3ts"
          style="opacity: 0; will-change: opacity,transform; transform: scale(0.9);"
        >
          <a
            data-discover="true"
            href="/ai"
            style="text-decoration: none; display: block; height: 100%;"
          >
            <div
              class="css-cm3t09"
              role="group"
            >
              <div
                class="css-16icayy"
              />
              <div
                class="css-jd24an"
              >
                <div
                  class="css-1gtumgu"
                >
                  <div
                    class="css-1fq9dua"
                  >
                    <div
                      class="css-l9cebf"
                    >
                      <span
                        class="material-symbols-outlined css-rxsw1p"
                      >
                        psychology
                      </span>
                    </div>
                    <div>
                      <p
                        class="css-dvd87q"
                      >
                        Tech Stack
                      </p>
                      <p
                        class="css-cfdib3"
                      >
                        02
                         
                        // 
                         
                        8
                         
                         RESOURCES
                      </p>
                    </div>
                  </div>
                  <div
                    class="css-1rr4qq7"
                  >
                    <h3
                      class="chakra-heading css-3d0s75"
                    >
                      ARTIFICIAL INTELLIGENCE
                    </h3>
                    <p
                      class="css-oro6pk"
                    >
                      Elite AI models, generation tools, and machine learning benchmarks.
                    </p>
                  </div>
                </div>
                <div
                  class="css-qp16bu"
                >
                  <div
                    class="chakra-stack css-1x0y7ph"
                  >
                    <div
                      class="css-2o06cr"
                    />
                    <p
                      class="css-13828rh"
                    >
                      / ELITE STACK
                    </p>
                  </div>
                  <div
                    class="css-1v2nvzt"
                  >
                    <span
                      class="material-symbols-outlined css-14tyfx3"
                    >
                      arrow_forward
                    </span>
                  </div>
                </div>
              </div>
            </div>
          </a>
        </div>
        <div
          class="css-xk9wk"
          style="opacity: 0; will-change: opacity,transform; transform: scale(0.9);"
        >
          <a
            data-discover="true"
            href="/downloading"
            style="text-decoration: none; display: block; height: 100%;"
          >
            <div
              class="css-1htz57p"
              role="group"
            >
              <div
                class="css-16icayy"
              />
              <div
                class="css-jd24an"
              >
                <div
                  class="css-1gtumgu"
                >
                  <div
                    class="css-1fq9dua"
                  >
                    <div
                      class="css-1ufwadp"
                    >
                      <span
                        class="material-symbols-outlined css-x8whs7"
                      >
                        download_for_offline
                      </span>
                    </div>
                    <div>
                      <p
                        class="css-dvd87q"
                      >
                        Featured Category
                      </p>
                      <p
                        class="css-cfdib3"
                      >
                        03
                         
                        // 
                         
                        7
                         
                         RESOURCES
                      </p>
                    </div>
                  </div>
                  <div
                    class="css-1rr4qq7"
                  >
                    <h3
                      class="chakra-heading css-1ma2w3s"
                    >
                      DOWNLOADING & TORRENTING
                    </h3>
                    <p
                      class="css-h9jt8q"
                    >
                      Elite direct download sites, Usenet, and torrent tracking platforms.
                    </p>
                  </div>
                </div>
                <div
                  class="css-qp16bu"
                >
                  <div
                    class="chakra-stack css-1x0y7ph"
                  >
                    <div
                      class="css-2o06cr"
                    />
                    <p
                      class="css-13828rh"
                    >
                      / ELITE STACK
                    </p>
                  </div>
                  <div
                    class="css-xa0i1y"
                  >
                    <span
                      class="material-symbols-outlined css-1h18glz"
                    >
                      arrow_forward
                    </span>
                  </div>
                </div>
              </div>
            </div>
          </a>
        </div>
        <div
          class="css-xk9wk"
          style="opacity: 0; will-change: opacity,transform; transform: scale(0.9);"
        >
          <a
            data-discover="true"
            href="/educational"
            style="text-decoration: none; display: block; height: 100%;"
          >
            <div
              class="css-1htz57p"
              role="group"
            >
              <div
                class="css-16icayy"
              />
              <div
                class="css-jd24an"
              >
                <div
                  class="css-1gtumgu"
                >
                  <div
                    class="css-1fq9dua"
                  >
                    <div
                      class="css-1ufwadp"
                    >
                      <span
                        class="material-symbols-outlined css-x8whs7"
                      >
                        school
                      </span>
                    </div>
                    <div>
                      <p
                        class="css-dvd87q"
                      >
                        Featured Category
                      </p>
                      <p
                        class="css-cfdib3"
                      >
                        04
                         
                        // 
                         
                        11
                         
                         RESOURCES
                      </p>
                    </div>
                  </div>
                  <div
                    class="css-1rr4qq7"
                  >
                    <h3
                      class="chakra-heading css-1ma2w3s"
                    >
                      EDUCATIONAL RESOURCES
                    </h3>
                    <p
                      class="css-h9jt8q"
                    >
                      Curated documentaries, courses, and specialized learning platforms.
                    </p>
                  </div>
                </div>
                <div
                  class="css-qp16bu"
                >
                  <div
                    class="chakra-stack css-1x0y7ph"
                  >
                    <div
                      class="css-2o06cr"
                    />
                    <p
                      class="css-13828rh"
                    >
                      / ELITE STACK
                    </p>
                  </div>
                  <div
                    class="css-xa0i1y"
                  >
                    <span
                      class="material-symbols-outlined css-1h18glz"
                    >
                      arrow_forward
                    </span>
                  </div>
                </div>
              </div>
            </div>
          </a>
        </div>
        <div
          class="css-1pms3ts"
          style="opacity: 0; will-change: opacity,transform; transform: scale(0.9);"
        >
          <a
            data-discover="true"
            href="/mobile"
            style="text-decoration: none; display: block; height: 100%;"
          >
            <div
              class="css-cm3t09"
              role="group"
            >
              <div
                class="css-16icayy"
              />
              <div
                class="css-jd24an"
              >
                <div
                  class="css-1gtumgu"
                >
                  <div
                    class="css-1fq9dua"
                  >
                    <div
                      class="css-l9cebf"
                    >
                      <span
                        class="material-symbols-outlined css-rxsw1p"
                      >
                        smartphone
                      </span>
                    </div>
                    <div>
                      <p
                        class="css-dvd87q"
                      >
                        Tech Stack
                      </p>
                      <p
                        class="css-cfdib3"
                      >
                        05
                         
                        // 
                         
                        9
                         
                         RESOURCES
                      </p>
                    </div>
                  </div>
                  <div
                    class="css-1rr4qq7"
                  >
                    <h3
                      class="chakra-heading css-3d0s75"
                    >
                      MOBILE ECOSYSTEM
                    </h3>
                    <p
                      class="css-oro6pk"
                    >
                      Essential tools, APKs, and resources for iOS and Android devices.
                    </p>
                  </div>
                </div>
                <div
                  class="css-qp16bu"
                >
                  <div
                    class="chakra-stack css-1x0y7ph"
                  >
                    <div
                      class="css-2o06cr"
                    />
                    <p
                      class="css-13828rh"
                    >
                      / ELITE STACK
                    </p>
                  </div>
                  <div
                    class="css-1v2nvzt"
                  >
                    <span
                      class="material-symbols-outlined css-14tyfx3"
                    >
                      arrow_forward
                    </span>
                  </div>
                </div>
              </div>
            </div>
          </a>
        </div>
        <div
          class="css-1pms3ts"
          style="opacity: 0; will-change: opacity,transform; transform: scale(0.9);"
        >
          <a
            data-discover="true"
            href="/desktop"
            style="text-decoration: none; display: block; height: 100%;"
          >
            <div
              class="css-cm3t09"
              role="group"
            >
              <div
                class="css-16icayy"
              />
              <div
                class="css-jd24an"
              >
                <div
                  class="css-1gtumgu"
                >
                  <div
                    class="css-1fq9dua"
                  >
                    <div
                      class="css-l9cebf"
                    >
                      <span
                        class="material-symbols-outlined css-rxsw1p"
                      >
                        desktop_windows
                      </span>
                    </div>
                    <div>
                      <p
                        class="css-dvd87q"
                      >
                        Tech Stack
                      </p>
                      <p
                        class="css-cfdib3"
                      >
                        06
                         
                        // 
                         
                        6
                         
                         RESOURCES
                      </p>
                    </div>
                  </div>
                  <div
                    class="css-1rr4qq7"
                  >
                    <h3
                      class="chakra-heading css-3d0s75"
                    >
                      DESKTOP ECOSYSTEM
                    </h3>
                    <p
                      class="css-oro6pk"
                    >
                      Comprehensive guides and tools for Linux, macOS, and Unix-like systems.
                    </p>
                  </div>
                </div>
                <div
                  class="css-qp16bu"
                >
                  <div
                    class="chakra-stack css-1x0y7ph"
                  >
                    <div
                      class="css-2o06cr"
                    />
                    <p
                      class="css-13828rh"
                    >
                      / ELITE STACK
                    </p>
                  </div>
                  <div
                    class="css-1v2nvzt"
                  >
                    <span
                      class="material-symbols-outlined css-14tyfx3"
                    >
                      arrow_forward
                    </span>
                  </div>
                </div>
              </div>
            </div>
          </a>
        </div>
        <div
          class="css-xk9wk"
          style="opacity: 0; will-change: opacity,transform; transform: scale(0.9);"
        >
          <a
            data-discover="true"
            href="/reading"
            style="text-decoration: none; display: block; height: 100%;"
          >
            <div
              class="css-1htz57p"
              role="group"
            >
              <div
                class="css-16icayy"
              />
              <div
                class="css-jd24an"
              >
                <div
                  class="css-1gtumgu"
                >
                  <div
                    class="css-1fq9dua"
                  >
                    <div
                      class="css-1ufwadp"
                    >
                      <span
                        class="material-symbols-outlined css-x8whs7"
                      >
                        library_books
                      </span>
                    </div>
                    <div>
                      <p
                        class="css-dvd87q"
                      >
                        Featured Category
                      </p>
                      <p
                        class="css-cfdib3"
                      >
                        07
                         
                        // 
                         
                        7
                         
                         RESOURCES
                      </p>
                    </div>
                  </div>
                  <div
                    class="css-1rr4qq7"
                  >
                    <h3
                      class="chakra-heading css-1ma2w3s"
                    >
                      BOOKS & READING
                    </h3>
                    <p
                      class="css-h9jt8q"
                    >
                      Vast libraries of ebooks, comics, audiobooks, and specialized journals.
                    </p>
                  </div>
                </div>
                <div
                  class="css-qp16bu"
                >
                  <div
                    class="chakra-stack css-1x0y7ph"
                  >
                    <div
                      class="css-2o06cr"
                    />
                    <p
                      class="css-13828rh"
                    >
                      / ELITE STACK
                    </p>
                  </div>
                  <div
                    class="css-xa0i1y"
                  >
                    <span
                      class="material-symbols-outlined css-1h18glz"
                    >
                      arrow_forward
                    </span>
                  </div>
                </div>
              </div>
            </div>
          </a>
        </div>
        <div
          class="css-1pms3ts"
          style="opacity: 0; will-change: opacity,transform; transform: scale(0.9);"
        >
          <a
            data-discover="true"
            href="/gaming"
            style="text-decoration: none; display: block; height: 100%;"
          >
            <div
              class="css-cm3t09"
              role="group"
            >
              <div
                class="css-16icayy"
              />
              <div
                class="css-jd24an"
              >
                <div
                  class="css-1gtumgu"
                >
                  <div
                    class="css-1fq9dua"
                  >
                    <div
                      class="css-l9cebf"
                    >
                      <span
                        class="material-symbols-outlined css-rxsw1p"
                      >
                        sports_esports
                      </span>
                    </div>
                    <div>
                      <p
                        class="css-dvd87q"
                      >
                        Tech Stack
                      </p>
                      <p
                        class="css-cfdib3"
                      >
                        08
                         
                        // 
                         
                        5
                         
                         RESOURCES
                      </p>
                    </div>
                  </div>
                  <div
                    class="css-1rr4qq7"
                  >
                    <h3
                      class="chakra-heading css-3d0s75"
                    >
                      GAMING & EMULATION
                    </h3>
                    <p
                      class="css-oro6pk"
                    >
                      Elite game repositories, emulation guides, and interactive entertainment.
                    </p>
                  </div>
                </div>
                <div
                  class="css-qp16bu"
                >
                  <div
                    class="chakra-stack css-1x0y7ph"
                  >
                    <div
                      class="css-2o06cr"
                    />
                    <p
                      class="css-13828rh"
                    >
                      / ELITE STACK
                    </p>
                  </div>
                  <div
                    class="css-1v2nvzt"
                  >
                    <span
                      class="material-symbols-outlined css-14tyfx3"
                    >
                      arrow_forward
                    </span>
                  </div>
                </div>
              </div>
            </div>
          </a>
        </div>
        <div
          class="css-1pms3ts"
          style="opacity: 0; will-change: opacity,transform; transform: scale(0.9);"
        >
          <a
            data-discover="true"
            href="/privacy-security"
            style="text-decoration: none; display: block; height: 100%;"
          >
            <div
              class="css-cm3t09"
              role="group"
            >
              <div
                class="css-16icayy"
              />
              <div
                class="css-jd24an"
              >
                <div
                  class="css-1gtumgu"
                >
                  <div
                    class="css-1fq9dua"
                  >
                    <div
                      class="css-l9cebf"
                    >
                      <span
                        class="material-symbols-outlined css-rxsw1p"
                      >
                        admin_panel_settings
                      </span>
                    </div>
                    <div>
                      <p
                        class="css-dvd87q"
                      >
                        Tech Stack
                      </p>
                      <p
                        class="css-cfdib3"
                      >
                        09
                         
                        // 
                         
                        6
                         
                         RESOURCES
                      </p>
                    </div>
                  </div>
                  <div
                    class="css-1rr4qq7"
                  >
                    <h3
                      class="chakra-heading css-3d0s75"
                    >
                      PRIVACY & SECURITY
                    </h3>
                    <p
                      class="css-oro6pk"
                    >
                      Essential adblocking, VPNs, and privacy-enhancing technologies.
                    </p>
                  </div>
                </div>
                <div
                  class="css-qp16bu"
                >
                  <div
                    class="chakra-stack css-1x0y7ph"
                  >
                    <div
                      class="css-2o06cr"
                    />
                    <p
                      class="css-13828rh"
                    >
                      / ELITE STACK
                    </p>
                  </div>
                  <div
                    class="css-1v2nvzt"
                  >
                    <span
                      class="material-symbols-outlined css-14tyfx3"
                    >
                      arrow_forward
                    </span>
                  </div>
                </div>
              </div>
            </div>
          </a>
        </div>
        <div
          class="css-xk9wk"
          style="opacity: 0; will-change: opacity,transform; transform: scale(0.9);"
        >
          <a
            data-discover="true"
            href="/audio"
            style="text-decoration: none; display: block; height: 100%;"
          >
            <div
              class="css-1htz57p"
              role="group"
            >
              <div
                class="css-16icayy"
              />
              <div
                class="css-jd24an"
              >
                <div
                  class="css-1gtumgu"
                >
                  <div
                    class="css-1fq9dua"
                  >
                    <div
                      class="css-1ufwadp"
                    >
                      <span
                        class="material-symbols-outlined css-x8whs7"
                      >
                        podcasts
                      </span>
                    </div>
                    <div>
                      <p
                        class="css-dvd87q"
                      >
                        Featured Category
                      </p>
                      <p
                        class="css-cfdib3"
                      >
                        10
                         
                        // 
                         
                        7
                         
                         RESOURCES
                      </p>
                    </div>
                  </div>
                  <div
                    class="css-1rr4qq7"
                  >
                    <h3
                      class="chakra-heading css-1ma2w3s"
                    >
                      MUSIC & AUDIO
                    </h3>
                    <p
                      class="css-h9jt8q"
                    >
                      High-fidelity streaming, radio, and audio management resources.
                    </p>
                  </div>
                </div>
                <div
                  class="css-qp16bu"
                >
                  <div
                    class="chakra-stack css-1x0y7ph"
                  >
                    <div
                      class="css-2o06cr"
                    />
                    <p
                      class="css-13828rh"
                    >
                      / ELITE STACK
                    </p>
                  </div>
                  <div
                    class="css-xa0i1y"
                  >
                    <span
                      class="material-symbols-outlined css-1h18glz"
                    >
                      arrow_forward
                    </span>
                  </div>
                </div>
              </div>
            </div>
          </a>
        </div>
        <div
          class="css-1pms3ts"
          style="opacity: 0; will-change: opacity,transform; transform: scale(0.9);"
        >
          <a
            data-discover="true"
            href="/non-english"
            style="text-decoration: none; display: block; height: 100%;"
          >
            <div
              class="css-cm3t09"
              role="group"
            >
              <div
                class="css-16icayy"
              />
              <div
                class="css-jd24an"
              >
                <div
                  class="css-1gtumgu"
                >
                  <div
                    class="css-1fq9dua"
                  >
                    <div
                      class="css-l9cebf"
                    >
                      <span
                        class="material-symbols-outlined css-rxsw1p"
                      >
                        translate
                      </span>
                    </div>
                    <div>
                      <p
                        class="css-dvd87q"
                      >
                        Tech Stack
                      </p>
                      <p
                        class="css-cfdib3"
                      >
                        11
                         
                        // 
                         
                        30
                         
                         RESOURCES
                      </p>
                    </div>
                  </div>
                  <div
                    class="css-1rr4qq7"
                  >
                    <h3
                      class="chakra-heading css-3d0s75"
                    >
                      NON-ENGLISH RESOURCES
                    </h3>
                    <p
                      class="css-oro6pk"
                    >
                      Global technology archives and curated resources in over 30 languages.
                    </p>
                  </div>
                </div>
                <div
                  class="css-qp16bu"
                >
                  <div
                    class="chakra-stack css-1x0y7ph"
                  >
                    <div
                      class="css-2o06cr"
                    />
                    <p
                      class="css-13828rh"
                    >
                      / ELITE STACK
                    </p>
                  </div>
                  <div
                    class="css-1v2nvzt"
                  >
                    <span
                      class="material-symbols-outlined css-14tyfx3"
                    >
                      arrow_forward
                    </span>
                  </div>
                </div>
              </div>
            </div>
          </a>
        </div>
        <div
          class="css-1pms3ts"
          style="opacity: 0; will-change: opacity,transform; transform: scale(0.9);"
        >
          <a
            data-discover="true"
            href="/miscellaneous"
            style="text-decoration: none; display: block; height: 100%;"
          >
            <div
              class="css-cm3t09"
              role="group"
            >
              <div
                class="css-16icayy"
              />
              <div
                class="css-jd24an"
              >
                <div
                  class="css-1gtumgu"
                >
                  <div
                    class="css-1fq9dua"
                  >
                    <div
                      class="css-l9cebf"
                    >
                      <span
                        class="material-symbols-outlined css-rxsw1p"
                      >
                        category
                      </span>
                    </div>
                    <div>
                      <p
                        class="css-dvd87q"
                      >
                        Tech Stack
                      </p>
                      <p
                        class="css-cfdib3"
                      >
                        12
                         
                        // 
                         
                        16
                         
                         RESOURCES
                      </p>
                    </div>
                  </div>
                  <div
                    class="css-1rr4qq7"
                  >
                    <h3
                      class="chakra-heading css-3d0s75"
                    >
                      MISCELLANEOUS
                    </h3>
                    <p
                      class="css-oro6pk"
                    >
                      A diverse collection of lifestyle, utility, and elite niche resources.
                    </p>
                  </div>
                </div>
                <div
                  class="css-qp16bu"
                >
                  <div
                    class="chakra-stack css-1x0y7ph"
                  >
                    <div
                      class="css-2o06cr"
                    />
                    <p
                      class="css-13828rh"
                    >
                      / ELITE STACK
                    </p>
                  </div>
                  <div
                    class="css-1v2nvzt"
                  >
                    <span
                      class="material-symbols-outlined css-14tyfx3"
                    >
                      arrow_forward
                    </span>
                  </div>
                </div>
              </div>
            </div>
          </a>
        </div>
        <div
          class="css-xk9wk"
          style="opacity: 0; will-change: opacity,transform; transform: scale(0.9);"
        >
          <a
            data-discover="true"
            href="/system-tools"
            style="text-decoration: none; display: block; height: 100%;"
          >
            <div
              class="css-1htz57p"
              role="group"
            >
              <div
                class="css-16icayy"
              />
              <div
                class="css-jd24an"
              >
                <div
                  class="css-1gtumgu"
                >
                  <div
                    class="css-1fq9dua"
                  >
                    <div
                      class="css-1ufwadp"
                    >
                      <span
                        class="material-symbols-outlined css-x8whs7"
                      >
                        settings_suggest
                      </span>
                    </div>
                    <div>
                      <p
                        class="css-dvd87q"
                      >
                        Featured Category
                      </p>
                      <p
                        class="css-cfdib3"
                      >
                        13
                         
                        // 
                         
                        4
                         
                         RESOURCES
                      </p>
                    </div>
                  </div>
                  <div
                    class="css-1rr4qq7"
                  >
                    <h3
                      class="chakra-heading css-1ma2w3s"
                    >
                      SYSTEM TOOLS
                    </h3>
                    <p
                      class="css-h9jt8q"
                    >
                      Elite OS utilities, hardware diagnostics, and customization frameworks.
                    </p>
                  </div>
                </div>
                <div
                  class="css-qp16bu"
                >
                  <div
                    class="chakra-stack css-1x0y7ph"
                  >
                    <div
                      class="css-2o06cr"
                    />
                    <p
                      class="css-13828rh"
                    >
                      / ELITE STACK
                    </p>
                  </div>
                  <div
                    class="css-xa0i1y"
                  >
                    <span
                      class="material-symbols-outlined css-1h18glz"
                    >
                      arrow_forward
                    </span>
                  </div>
                </div>
              </div>
            </div>
          </a>
        </div>
        <div
          class="css-1pms3ts"
          style="opacity: 0; will-change: opacity,transform; transform: scale(0.9);"
        >
          <a
            data-discover="true"
            href="/file-tools"
            style="text-decoration: none; display: block; height: 100%;"
          >
            <div
              class="css-cm3t09"
              role="group"
            >
              <div
                class="css-16icayy"
              />
              <div
                class="css-jd24an"
              >
                <div
                  class="css-1gtumgu"
                >
                  <div
                    class="css-1fq9dua"
                  >
                    <div
                      class="css-l9cebf"
                    >
                      <span
                        class="material-symbols-outlined css-rxsw1p"
                      >
                        folder_zip
                      </span>
                    </div>
                    <div>
                      <p
                        class="css-dvd87q"
                      >
                        Tech Stack
                      </p>
                      <p
                        class="css-cfdib3"
                      >
                        14
                         
                        // 
                         
                        4
                         
                         RESOURCES
                      </p>
                    </div>
                  </div>
                  <div
                    class="css-1rr4qq7"
                  >
                    <h3
                      class="chakra-heading css-3d0s75"
                    >
                      FILE TOOLS
                    </h3>
                    <p
                      class="css-oro6pk"
                    >
                      Advanced file management, PDF processing, and cloud hosting utilities.
                    </p>
                  </div>
                </div>
                <div
                  class="css-qp16bu"
                >
                  <div
                    class="chakra-stack css-1x0y7ph"
                  >
                    <div
                      class="css-2o06cr"
                    />
                    <p
                      class="css-13828rh"
                    >
                      / ELITE STACK
                    </p>
                  </div>
                  <div
                    class="css-1v2nvzt"
                  >
                    <span
                      class="material-symbols-outlined css-14tyfx3"
                    >
                      arrow_forward
                    </span>
                  </div>
                </div>
              </div>
            </div>
          </a>
        </div>
        <div
          class="css-1pms3ts"
          style="opacity: 0; will-change: opacity,transform; transform: scale(0.9);"
        >
          <a
            data-discover="true"
            href="/internet-tools"
            style="text-decoration: none; display: block; height: 100%;"
          >
            <div
              class="css-cm3t09"
              role="group"
            >
              <div
                class="css-16icayy"
              />
              <div
                class="css-jd24an"
              >
                <div
                  class="css-1gtumgu"
                >
                  <div
                    class="css-1fq9dua"
                  >
                    <div
                      class="css-l9cebf"
                    >
                      <span
                        class="material-symbols-outlined css-rxsw1p"
                      >
                        language
                      </span>
                    </div>
                    <div>
                      <p
                        class="css-dvd87q"
                      >
                        Tech Stack
                      </p>
                      <p
                        class="css-cfdib3"
                      >
                        15
                         
                        // 
                         
                        8
                         
                         RESOURCES
                      </p>
                    </div>
                  </div>
                  <div
                    class="css-1rr4qq7"
                  >
                    <h3
                      class="chakra-heading css-3d0s75"
                    >
                      INTERNET TOOLS
                    </h3>
                    <p
                      class="css-oro6pk"
                    >
                      Powerful web utilities, OSINT frameworks, and browsing enhancements.
                    </p>
                  </div>
                </div>
                <div
                  class="css-qp16bu"
                >
                  <div
                    class="chakra-stack css-1x0y7ph"
                  >
                    <div
                      class="css-2o06cr"
                    />
                    <p
                      class="css-13828rh"
                    >
                      / ELITE STACK
                    </p>
                  </div>
                  <div
                    class="css-1v2nvzt"
                  >
                    <span
                      class="material-symbols-outlined css-14tyfx3"
                    >
                      arrow_forward
                    </span>
                  </div>
                </div>
              </div>
            </div>
          </a>
        </div>
        <div
          class="css-1pms3ts"
          style="opacity: 0; will-change: opacity,transform; transform: scale(0.9);"
        >
          <a
            data-discover="true"
            href="/social-tools"
            style="text-decoration: none; display: block; height: 100%;"
          >
            <div
              class="css-cm3t09"
              role="group"
            >
              <div
                class="css-16icayy"
              />
              <div
                class="css-jd24an"
              >
                <div
                  class="css-1gtumgu"
                >
                  <div
                    class="css-1fq9dua"
                  >
                    <div
                      class="css-l9cebf"
                    >
                      <span
                        class="material-symbols-outlined css-rxsw1p"
                      >
                        groups
                      </span>
                    </div>
                    <div>
                      <p
                        class="css-dvd87q"
                      >
                        Tech Stack
                      </p>
                      <p
                        class="css-cfdib3"
                      >
                        16
                         
                        // 
                         
                        9
                         
                         RESOURCES
                      </p>
                    </div>
                  </div>
                  <div
                    class="css-1rr4qq7"
                  >
                    <h3
                      class="chakra-heading css-3d0s75"
                    >
                      SOCIAL MEDIA TOOLS
                    </h3>
                    <p
                      class="css-oro6pk"
                    >
                      Elite automation and management tools for global social platforms.
                    </p>
                  </div>
                </div>
                <div
                  class="css-qp16bu"
                >
                  <div
                    class="chakra-stack css-1x0y7ph"
                  >
                    <div
                      class="css-2o06cr"
                    />
                    <p
                      class="css-13828rh"
                    >
                      / ELITE STACK
                    </p>
                  </div>
                  <div
                    class="css-1v2nvzt"
                  >
                    <span
                      class="material-symbols-outlined css-14tyfx3"
                    >
                      arrow_forward
                    </span>
                  </div>
                </div>
              </div>
            </div>
          </a>
        </div>
        <div
          class="css-1pms3ts"
          style="opacity: 0; will-change: opacity,transform; transform: scale(0.9);"
        >
          <a
            data-discover="true"
            href="/text-tools"
            style="text-decoration: none; display: block; height: 100%;"
          >
            <div
              class="css-cm3t09"
              role="group"
            >
              <div
                class="css-16icayy"
              />
              <div
                class="css-jd24an"
              >
                <div
                  class="css-1gtumgu"
                >
                  <div
                    class="css-1fq9dua"
                  >
                    <div
                      class="css-l9cebf"
                    >
                      <span
                        class="material-symbols-outlined css-rxsw1p"
                      >
                        text_fields
                      </span>
                    </div>
                    <div>
                      <p
                        class="css-dvd87q"
                      >
                        Tech Stack
                      </p>
                      <p
                        class="css-cfdib3"
                      >
                        17
                         
                        // 
                         
                        4
                         
                         RESOURCES
                      </p>
                    </div>
                  </div>
                  <div
                    class="css-1rr4qq7"
                  >
                    <h3
                      class="chakra-heading css-3d0s75"
                    >
                      TEXT & MARKUP TOOLS
                    </h3>
                    <p
                      class="css-oro6pk"
                    >
                      Professional editors, markup processors, and typography resources.
                    </p>
                  </div>
                </div>
                <div
                  class="css-qp16bu"
                >
                  <div
                    class="chakra-stack css-1x0y7ph"
                  >
                    <div
                      class="css-2o06cr"
                    />
                    <p
                      class="css-13828rh"
                    >
                      / ELITE STACK
                    </p>
                  </div>
                  <div
                    class="css-1v2nvzt"
                  >
                    <span
                      class="material-symbols-outlined css-14tyfx3"
                    >
                      arrow_forward
                    </span>
                  </div>
                </div>
              </div>
            </div>
          </a>
        </div>
        <div
          class="css-1pms3ts"
          style="opacity: 0; will-change: opacity,transform; transform: scale(0.9);"
        >
          <a
            data-discover="true"
            href="/gaming-tools"
            style="text-decoration: none; display: block; height: 100%;"
          >
            <div
              class="css-cm3t09"
              role="group"
            >
              <div
                class="css-16icayy"
              />
              <div
                class="css-jd24an"
              >
                <div
                  class="css-1gtumgu"
                >
                  <div
                    class="css-1fq9dua"
                  >
                    <div
                      class="css-l9cebf"
                    >
                      <span
                        class="material-symbols-outlined css-rxsw1p"
                      >
                        sports_esports
                      </span>
                    </div>
                    <div>
                      <p
                        class="css-dvd87q"
                      >
                        Tech Stack
                      </p>
                      <p
                        class="css-cfdib3"
                      >
                        18
                         
                        // 
                         
                        7
                         
                         RESOURCES
                      </p>
                    </div>
                  </div>
                  <div
                    class="css-1rr4qq7"
                  >
                    <h3
                      class="chakra-heading css-3d0s75"
                    >
                      GAMING UTILITIES
                    </h3>
                    <p
                      class="css-oro6pk"
                    >
                      Performance boosters, game trackers, and homebrew Minecraft tools.
                    </p>
                  </div>
                </div>
                <div
                  class="css-qp16bu"
                >
                  <div
                    class="chakra-stack css-1x0y7ph"
                  >
                    <div
                      class="css-2o06cr"
                    />
                    <p
                      class="css-13828rh"
                    >
                      / ELITE STACK
                    </p>
                  </div>
                  <div
                    class="css-1v2nvzt"
                  >
                    <span
                      class="material-symbols-outlined css-14tyfx3"
                    >
                      arrow_forward
                    </span>
                  </div>
                </div>
              </div>
            </div>
          </a>
        </div>
        <div
          class="css-1pms3ts"
          style="opacity: 0; will-change: opacity,transform; transform: scale(0.9);"
        >
          <a
            data-discover="true"
            href="/image-tools"
            style="text-decoration: none; display: block; height: 100%;"
          >
            <div
              class="css-cm3t09"
              role="group"
            >
              <div
                class="css-16icayy"
              />
              <div
                class="css-jd24an"
              >
                <div
                  class="css-1gtumgu"
                >
                  <div
                    class="css-1fq9dua"
                  >
                    <div
                      class="css-l9cebf"
                    >
                      <span
                        class="material-symbols-outlined css-rxsw1p"
                      >
                        image
                      </span>
                    </div>
                    <div>
                      <p
                        class="css-dvd87q"
                      >
                        Tech Stack
                      </p>
                      <p
                        class="css-cfdib3"
                      >
                        19
                         
                        // 
                         
                        7
                         
                         RESOURCES
                      </p>
                    </div>
                  </div>
                  <div
                    class="css-1rr4qq7"
                  >
                    <h3
                      class="chakra-heading css-3d0s75"
                    >
                      IMAGE & DESIGN TOOLS
                    </h3>
                    <p
                      class="css-oro6pk"
                    >
                      Elite editing suites, 3D modeling, and creative design resources.
                    </p>
                  </div>
                </div>
                <div
                  class="css-qp16bu"
                >
                  <div
                    class="chakra-stack css-1x0y7ph"
                  >
                    <div
                      class="css-2o06cr"
                    />
                    <p
                      class="css-13828rh"
                    >
                      / ELITE STACK
                    </p>
                  </div>
                  <div
                    class="css-1v2nvzt"
                  >
                    <span
                      class="material-symbols-outlined css-14tyfx3"
                    >
                      arrow_forward
                    </span>
                  </div>
                </div>
              </div>
            </div>
          </a>
        </div>
        <div
          class="css-1pms3ts"
          style="opacity: 0; will-change: opacity,transform; transform: scale(0.9);"
        >
          <a
            data-discover="true"
            href="/video-tools"
            style="text-decoration: none; display: block; height: 100%;"
          >
            <div
              class="css-cm3t09"
              role="group"
            >
              <div
                class="css-16icayy"
              />
              <div
                class="css-jd24an"
              >
                <div
                  class="css-1gtumgu"
                >
                  <div
                    class="css-1fq9dua"
                  >
                    <div
                      class="css-l9cebf"
                    >
                      <span
                        class="material-symbols-outlined css-rxsw1p"
                      >
                        video_library
                      </span>
                    </div>
                    <div>
                      <p
                        class="css-dvd87q"
                      >
                        Tech Stack
                      </p>
                      <p
                        class="css-cfdib3"
                      >
                        20
                         
                        // 
                         
                        5
                         
                         RESOURCES
                      </p>
                    </div>
                  </div>
                  <div
                    class="css-1rr4qq7"
                  >
                    <h3
                      class="chakra-heading css-3d0s75"
                    >
                      VIDEO & MEDIA TOOLS
                    </h3>
                    <p
                      class="css-oro6pk"
                    >
                      Professional players, media servers, and non-linear editing suites.
                    </p>
                  </div>
                </div>
                <div
                  class="css-qp16bu"
                >
                  <div
                    class="chakra-stack css-1x0y7ph"
                  >
                    <div
                      class="css-2o06cr"
                    />
                    <p
                      class="css-13828rh"
                    >
                      / ELITE STACK
                    </p>
                  </div>
                  <div
                    class="css-1v2nvzt"
                  >
                    <span
                      class="material-symbols-outlined css-14tyfx3"
                    >
                      arrow_forward
                    </span>
                  </div>
                </div>
              </div>
            </div>
          </a>
        </div>
        <div
          class="css-1pms3ts"
          style="opacity: 0; will-change: opacity,transform; transform: scale(0.9);"
        >
          <a
            data-discover="true"
            href="/audio-tools"
            style="text-decoration: none; display: block; height: 100%;"
          >
            <div
              class="css-cm3t09"
              role="group"
            >
              <div
                class="css-16icayy"
              />
              <div
                class="css-jd24an"
              >
                <div
                  class="css-1gtumgu"
                >
                  <div
                    class="css-1fq9dua"
                  >
                    <div
                      class="css-l9cebf"
                    >
                      <span
                        class="material-symbols-outlined css-rxsw1p"
                      >
                        headphones
                      </span>
                    </div>
                    <div>
                      <p
                        class="css-dvd87q"
                      >
                        Tech Stack
                      </p>
                      <p
                        class="css-cfdib3"
                      >
                        21
                         
                        // 
                         
                        5
                         
                         RESOURCES
                      </p>
                    </div>
                  </div>
                  <div
                    class="css-1rr4qq7"
                  >
                    <h3
                      class="chakra-heading css-3d0s75"
                    >
                      AUDIO ENGINEERING
                    </h3>
                    <p
                      class="css-oro6pk"
                    >
                      DAWs, spatial audio tools, and system-wide audio processing.
                    </p>
                  </div>
                </div>
                <div
                  class="css-qp16bu"
                >
                  <div
                    class="chakra-stack css-1x0y7ph"
                  >
                    <div
                      class="css-2o06cr"
                    />
                    <p
                      class="css-13828rh"
                    >
                      / ELITE STACK
                    </p>
                  </div>
                  <div
                    class="css-1v2nvzt"
                  >
                    <span
                      class="material-symbols-outlined css-14tyfx3"
                    >
                      arrow_forward
                    </span>
                  </div>
                </div>
              </div>
            </div>
          </a>
        </div>
        <div
          class="css-1pms3ts"
          style="opacity: 0; will-change: opacity,transform; transform: scale(0.9);"
        >
          <a
            data-discover="true"
            href="/educational-tools"
            style="text-decoration: none; display: block; height: 100%;"
          >
            <div
              class="css-cm3t09"
              role="group"
            >
              <div
                class="css-16icayy"
              />
              <div
                class="css-jd24an"
              >
                <div
                  class="css-1gtumgu"
                >
                  <div
                    class="css-1fq9dua"
                  >
                    <div
                      class="css-l9cebf"
                    >
                      <span
                        class="material-symbols-outlined css-rxsw1p"
                      >
                        school
                      </span>
                    </div>
                    <div>
                      <p
                        class="css-dvd87q"
                      >
                        Tech Stack
                      </p>
                      <p
                        class="css-cfdib3"
                      >
                        22
                         
                        // 
                         
                        6
                         
                         RESOURCES
                      </p>
                    </div>
                  </div>
                  <div
                    class="css-1rr4qq7"
                  >
                    <h3
                      class="chakra-heading css-3d0s75"
                    >
                      EDUCATIONAL UTILITIES
                    </h3>
                    <p
                      class="css-oro6pk"
                    >
                      Elite research aids, encyclopedia tools, and learning platforms.
                    </p>
                  </div>
                </div>
                <div
                  class="css-qp16bu"
                >
                  <div
                    class="chakra-stack css-1x0y7ph"
                  >
                    <div
                      class="css-2o06cr"
                    />
                    <p
                      class="css-13828rh"
                    >
                      / ELITE STACK
                    </p>
                  </div>
                  <div
                    class="css-1v2nvzt"
                  >
                    <span
                      class="material-symbols-outlined css-14tyfx3"
                    >
                      arrow_forward
                    </span>
                  </div>
                </div>
              </div>
            </div>
          </a>
        </div>
        <div
          class="css-1pms3ts"
          style="opacity: 0; will-change: opacity,transform; transform: scale(0.9);"
        >
          <a
            data-discover="true"
            href="/developer-tools"
            style="text-decoration: none; display: block; height: 100%;"
          >
            <div
              class="css-cm3t09"
              role="group"
            >
              <div
                class="css-16icayy"
              />
              <div
                class="css-jd24an"
              >
                <div
                  class="css-1gtumgu"
                >
                  <div
                    class="css-1fq9dua"
                  >
                    <div
                      class="css-l9cebf"
                    >
                      <span
                        class="material-symbols-outlined css-rxsw1p"
                      >
                        terminal
                      </span>
                    </div>
                    <div>
                      <p
                        class="css-dvd87q"
                      >
                        Tech Stack
                      </p>
                      <p
                        class="css-cfdib3"
                      >
                        23
                         
                        // 
                         
                        12
                         
                         RESOURCES
                      </p>
                    </div>
                  </div>
                  <div
                    class="css-1rr4qq7"
                  >
                    <h3
                      class="chakra-heading css-3d0s75"
                    >
                      DEVELOPER ECOSYSTEM
                    </h3>
                    <p
                      class="css-oro6pk"
                    >
                      The ultimate stack for coding, web dev, hosting, and cybersecurity.
                    </p>
                  </div>
                </div>
                <div
                  class="css-qp16bu"
                >
                  <div
                    class="chakra-stack css-1x0y7ph"
                  >
                    <div
                      class="css-2o06cr"
                    />
                    <p
                      class="css-13828rh"
                    >
                      / ELITE STACK
                    </p>
                  </div>
                  <div
                    class="css-1v2nvzt"
                  >
                    <span
                      class="material-symbols-outlined css-14tyfx3"
                    >
                      arrow_forward
                    </span>
                  </div>
                </div>
              </div>
            </div>
          </a>
        </div>
        <div
          class="css-1pms3ts"
          style="opacity: 0; will-change: opacity,transform; transform: scale(0.9);"
        >
          <a
            data-discover="true"
            href="/uncategorised"
            style="text-decoration: none; display: block; height: 100%;"
          >
            <div
              class="css-cm3t09"
              role="group"
            >
              <div
                class="css-16icayy"
              />
              <div
                class="css-jd24an"
              >
                <div
                  class="css-1gtumgu"
                >
                  <div
                    class="css-1fq9dua"
                  >
                    <div
                      class="css-l9cebf"
                    >
                      <span
                        class="material-symbols-outlined css-rxsw1p"
                      >
                        folder_open
                      </span>
                    </div>
                    <div>
                      <p
                        class="css-dvd87q"
                      >
                        Tech Stack
                      </p>
                      <p
                        class="css-cfdib3"
                      >
                        24
                         
                        // 
                         
                        35
                         
                         RESOURCES
                      </p>
                    </div>
                  </div>
                  <div
                    class="css-1rr4qq7"
                  >
                    <h3
                      class="chakra-heading css-3d0s75"
                    >
                      UNCATEGORISED
                    </h3>
                    <p
                      class="css-oro6pk"
                    >
                      Curated collections of niche technology resources, developer libraries, and specialized tools.
                    </p>
                  </div>
                </div>
                <div
                  class="css-qp16bu"
                >
                  <div
                    class="chakra-stack css-1x0y7ph"
                  >
                    <div
                      class="css-2o06cr"
                    />
                    <p
                      class="css-13828rh"
                    >
                      / ELITE STACK
                    </p>
                  </div>
                  <div
                    class="css-1v2nvzt"
                  >
                    <span
                      class="material-symbols-outlined css-14tyfx3"
                    >
                      arrow_forward
                    </span>
                  </div>
                </div>
              </div>
            </div>
          </a>
        </div>
      </div>
    </section>
  </div>
</div>
`;
