// Jest Snapshot v1, https://goo.gl/fbAQLP

exports[`LandingPage should render correctly 1`] = `
<div>
  <div
    class="css-lfxbxi"
  >
    <section
      class="css-w5tu5c"
    >
      <div
        class="css-1davq0z"
      >
        <div
          style="position: absolute; top: 10%; left: 10%; width: 400px; height: 400px; border-radius: full; filter: blur(60px); will-change: transform;"
        />
        <div
          style="position: absolute; bottom: 10%; right: 15%; width: 500px; height: 500px; border-radius: full; filter: blur(80px); will-change: transform;"
        />
        <div
          style="position: absolute; top: 40%; left: 50%; transform: translate(-50%, -50%); width: 800px; height: 800px; border-radius: full; filter: blur(100px); will-change: opacity,transform;"
        />
      </div>
      <div
        style="opacity: 0; will-change: opacity,transform; transform: translateY(20px);"
      >
        <div
          class="css-1ja7kri"
        >
          <div
            class="css-79elbk"
          >
            <div
              class="css-2o06cr"
            />
            <div
              style="position: absolute; inset: 0; border-radius: 100%; will-change: transform,opacity;"
            />
          </div>
          <p
            class="css-19pl9ou"
          >
            v0.2.0
          </p>
        </div>
      </div>
      <div
        class="chakra-stack css-hx52aw"
      >
        <div
          style="opacity: 0; will-change: opacity,transform; transform: translateY(20px);"
        >
          <h1
            class="chakra-heading css-1w81ggr"
          >
            CURATING THE
             
            <br />
            <span
              class="css-1sqs9xv"
            >
              TECH ELITE.
            </span>
          </h1>
        </div>
        <div
          style="opacity: 0; will-change: opacity,transform; transform: translateY(20px);"
        >
          <p
            class="css-3ws0pp"
          >
            Explore an extensive library of resources, software, infrastructure patterns, and security protocols designed for high-performance engineering teams.
          </p>
        </div>
      </div>
      <div
        class="css-458sx5"
      >
        <div
          style="opacity: 0; will-change: opacity,transform; transform: scale(0.95);"
        >
          <div
            class="css-86s0lo"
          >
            <div
              class="css-1qami3l"
            />
            <p
              class="css-lgmh4x"
            >
              Tech Stack
            </p>
          </div>
          <div
            class="css-ekv6w8"
          />
          <div
            class="css-xt4grz"
          >
            <div
              class="css-3bpxic"
            >
              <span
                class="material-symbols-outlined"
                style="font-size: 24px;"
              >
                search
              </span>
            </div>
            <input
              class="chakra-input css-hylr73"
              placeholder="Search the tech stack..."
              value=""
            />
            <button
              class="chakra-button css-r22ikg"
              disabled=""
              type="button"
            >
              EXECUTE
            </button>
          </div>
        </div>
      </div>
    </section>
    <section
      class="css-1gxng3x"
    >
      <div
        class="css-11ywmy5"
      >
        <div
          class="chakra-stack css-1bmk9m4"
        >
          <div
            class="css-79elbk"
          >
            <button
              class="chakra-button css-y4bgx"
              type="button"
            >
              Show All
            </button>
            <div
              style="position: absolute; inset: 0; border-radius: var(--chakra-radii-xl); z-index: 0; box-shadow: 0 4px 12px rgba(139, 92, 246, 0.3);"
            />
          </div>
          <div
            class="css-79elbk"
          >
            <button
              class="chakra-button css-aon9bv"
              type="button"
            >
              Information Library
            </button>
          </div>
          <div
            class="css-79elbk"
          >
            <button
              class="chakra-button css-aon9bv"
              type="button"
            >
              Engineering Tools
            </button>
          </div>
        </div>
        <div
          class="chakra-stack css-5zoaox"
        >
          <button
            class="chakra-button css-tmfldm"
            type="button"
          >
            <span
              class="material-symbols-outlined"
              style="font-size: 20px;"
            >
              grid_view
            </span>
          </button>
          <button
            class="chakra-button css-g1tg1y"
            type="button"
          >
            <span
              class="material-symbols-outlined"
              style="font-size: 20px;"
            >
              view_list
            </span>
          </button>
        </div>
      </div>
      <div
        class="css-sta9oh"
      >
        <div
          class="css-1pms3ts"
          style="opacity: 0; will-change: opacity,transform; transform: scale(0.9);"
        >
          <a
            data-discover="true"
            href="/media"
            style="text-decoration: none; display: block; height: 100%;"
          >
            <div
              class="css-1496l24"
              role="group"
            >
              <div
                class="css-e7tv5z"
              />
              <div
                class="css-11f8q1m"
              >
                <div
                  class="css-cmph9f"
                >
                  <div
                    class="css-2wuqlq"
                  >
                    <div
                      class="css-1p860i"
                    >
                      <span
                        class="material-symbols-outlined"
                        style="font-size: 20px;"
                      >
                        movie
                      </span>
                    </div>
                    <div>
                      <p
                        class="css-m2i5yq"
                      >
                        Tech Stack
                      </p>
                      <p
                        class="css-1iab9o6"
                      >
                        01
                         
                        // 
                         
                        7
                         
                         RESOURCES
                      </p>
                    </div>
                  </div>
                  <div
                    class="css-1yqqwe7"
                  >
                    <h3
                      class="chakra-heading css-ilvt5x"
                    >
                      MEDIA RESOURCES
                    </h3>
                    <p
                      class="css-wu7933"
                    >
                      Elite streaming, download, and media management platforms.
                    </p>
                  </div>
                </div>
                <div
                  class="css-1xsgqyo"
                >
                  <div
                    class="chakra-stack css-1x0y7ph"
                  >
                    <div
                      class="css-idhj6b"
                    />
                    <p
                      class="css-v5jli6"
                    >
                      / ELITE STACK
                    </p>
                  </div>
                  <div
                    class="css-1fj2by5"
                  >
                    <span
                      class="material-symbols-outlined"
                      style="font-size: 24px;"
                    >
                      arrow_forward
                    </span>
                  </div>
                </div>
              </div>
            </div>
          </a>
        </div>
        <div
          class="css-1h8tubl"
          style="opacity: 0; will-change: opacity,transform; transform: scale(0.9);"
        >
          <a
            data-discover="true"
            href="/ai"
            style="text-decoration: none; display: block; height: 100%;"
          >
            <div
              class="css-no5l6c"
              role="group"
            >
              <div
                class="css-e7tv5z"
              />
              <div
                class="css-11f8q1m"
              >
                <div
                  class="css-cmph9f"
                >
                  <div
                    class="css-2wuqlq"
                  >
                    <div
                      class="css-hfhbfz"
                    >
                      <span
                        class="material-symbols-outlined"
                        style="font-size: 28px;"
                      >
                        psychology
                      </span>
                    </div>
                    <div>
                      <p
                        class="css-m2i5yq"
                      >
                        Featured Category
                      </p>
                      <p
                        class="css-1iab9o6"
                      >
                        02
                         
                        // 
                         
                        8
                         
                         RESOURCES
                      </p>
                    </div>
                  </div>
                  <div
                    class="css-1yqqwe7"
                  >
                    <h3
                      class="chakra-heading css-qh20wb"
                    >
                      ARTIFICIAL INTELLIGENCE
                    </h3>
                    <p
                      class="css-766f9t"
                    >
                      Elite AI models, generation tools, and machine learning benchmarks.
                    </p>
                  </div>
                </div>
                <div
                  class="css-1xsgqyo"
                >
                  <div
                    class="chakra-stack css-1x0y7ph"
                  >
                    <div
                      class="css-idhj6b"
                    />
                    <p
                      class="css-v5jli6"
                    >
                      / ELITE STACK
                    </p>
                  </div>
                  <div
                    class="css-1fj2by5"
                  >
                    <span
                      class="material-symbols-outlined"
                      style="font-size: 24px;"
                    >
                      arrow_forward
                    </span>
                  </div>
                </div>
              </div>
            </div>
          </a>
        </div>
        <div
          class="css-1pms3ts"
          style="opacity: 0; will-change: opacity,transform; transform: scale(0.9);"
        >
          <a
            data-discover="true"
            href="/downloading"
            style="text-decoration: none; display: block; height: 100%;"
          >
            <div
              class="css-1496l24"
              role="group"
            >
              <div
                class="css-e7tv5z"
              />
              <div
                class="css-11f8q1m"
              >
                <div
                  class="css-cmph9f"
                >
                  <div
                    class="css-2wuqlq"
                  >
                    <div
                      class="css-1p860i"
                    >
                      <span
                        class="material-symbols-outlined"
                        style="font-size: 20px;"
                      >
                        download_for_offline
                      </span>
                    </div>
                    <div>
                      <p
                        class="css-m2i5yq"
                      >
                        Tech Stack
                      </p>
                      <p
                        class="css-1iab9o6"
                      >
                        03
                         
                        // 
                         
                        7
                         
                         RESOURCES
                      </p>
                    </div>
                  </div>
                  <div
                    class="css-1yqqwe7"
                  >
                    <h3
                      class="chakra-heading css-ilvt5x"
                    >
                      DOWNLOADING & TORRENTING
                    </h3>
                    <p
                      class="css-wu7933"
                    >
                      Elite direct download sites, Usenet, and torrent tracking platforms.
                    </p>
                  </div>
                </div>
                <div
                  class="css-1xsgqyo"
                >
                  <div
                    class="chakra-stack css-1x0y7ph"
                  >
                    <div
                      class="css-idhj6b"
                    />
                    <p
                      class="css-v5jli6"
                    >
                      / ELITE STACK
                    </p>
                  </div>
                  <div
                    class="css-1fj2by5"
                  >
                    <span
                      class="material-symbols-outlined"
                      style="font-size: 24px;"
                    >
                      arrow_forward
                    </span>
                  </div>
                </div>
              </div>
            </div>
          </a>
        </div>
        <div
          class="css-1h8tubl"
          style="opacity: 0; will-change: opacity,transform; transform: scale(0.9);"
        >
          <a
            data-discover="true"
            href="/educational"
            style="text-decoration: none; display: block; height: 100%;"
          >
            <div
              class="css-no5l6c"
              role="group"
            >
              <div
                class="css-e7tv5z"
              />
              <div
                class="css-11f8q1m"
              >
                <div
                  class="css-cmph9f"
                >
                  <div
                    class="css-2wuqlq"
                  >
                    <div
                      class="css-hfhbfz"
                    >
                      <span
                        class="material-symbols-outlined"
                        style="font-size: 28px;"
                      >
                        school
                      </span>
                    </div>
                    <div>
                      <p
                        class="css-m2i5yq"
                      >
                        Featured Category
                      </p>
                      <p
                        class="css-1iab9o6"
                      >
                        04
                         
                        // 
                         
                        11
                         
                         RESOURCES
                      </p>
                    </div>
                  </div>
                  <div
                    class="css-1yqqwe7"
                  >
                    <h3
                      class="chakra-heading css-qh20wb"
                    >
                      EDUCATIONAL RESOURCES
                    </h3>
                    <p
                      class="css-766f9t"
                    >
                      Curated documentaries, courses, and specialized learning platforms.
                    </p>
                  </div>
                </div>
                <div
                  class="css-1xsgqyo"
                >
                  <div
                    class="chakra-stack css-1x0y7ph"
                  >
                    <div
                      class="css-idhj6b"
                    />
                    <p
                      class="css-v5jli6"
                    >
                      / ELITE STACK
                    </p>
                  </div>
                  <div
                    class="css-1fj2by5"
                  >
                    <span
                      class="material-symbols-outlined"
                      style="font-size: 24px;"
                    >
                      arrow_forward
                    </span>
                  </div>
                </div>
              </div>
            </div>
          </a>
        </div>
        <div
          class="css-1pms3ts"
          style="opacity: 0; will-change: opacity,transform; transform: scale(0.9);"
        >
          <a
            data-discover="true"
            href="/mobile"
            style="text-decoration: none; display: block; height: 100%;"
          >
            <div
              class="css-1496l24"
              role="group"
            >
              <div
                class="css-e7tv5z"
              />
              <div
                class="css-11f8q1m"
              >
                <div
                  class="css-cmph9f"
                >
                  <div
                    class="css-2wuqlq"
                  >
                    <div
                      class="css-1p860i"
                    >
                      <span
                        class="material-symbols-outlined"
                        style="font-size: 20px;"
                      >
                        smartphone
                      </span>
                    </div>
                    <div>
                      <p
                        class="css-m2i5yq"
                      >
                        Tech Stack
                      </p>
                      <p
                        class="css-1iab9o6"
                      >
                        05
                         
                        // 
                         
                        9
                         
                         RESOURCES
                      </p>
                    </div>
                  </div>
                  <div
                    class="css-1yqqwe7"
                  >
                    <h3
                      class="chakra-heading css-ilvt5x"
                    >
                      MOBILE ECOSYSTEM
                    </h3>
                    <p
                      class="css-wu7933"
                    >
                      Essential tools, APKs, and resources for iOS and Android devices.
                    </p>
                  </div>
                </div>
                <div
                  class="css-1xsgqyo"
                >
                  <div
                    class="chakra-stack css-1x0y7ph"
                  >
                    <div
                      class="css-idhj6b"
                    />
                    <p
                      class="css-v5jli6"
                    >
                      / ELITE STACK
                    </p>
                  </div>
                  <div
                    class="css-1fj2by5"
                  >
                    <span
                      class="material-symbols-outlined"
                      style="font-size: 24px;"
                    >
                      arrow_forward
                    </span>
                  </div>
                </div>
              </div>
            </div>
          </a>
        </div>
        <div
          class="css-1pms3ts"
          style="opacity: 0; will-change: opacity,transform; transform: scale(0.9);"
        >
          <a
            data-discover="true"
            href="/desktop"
            style="text-decoration: none; display: block; height: 100%;"
          >
            <div
              class="css-1496l24"
              role="group"
            >
              <div
                class="css-e7tv5z"
              />
              <div
                class="css-11f8q1m"
              >
                <div
                  class="css-cmph9f"
                >
                  <div
                    class="css-2wuqlq"
                  >
                    <div
                      class="css-1p860i"
                    >
                      <span
                        class="material-symbols-outlined"
                        style="font-size: 20px;"
                      >
                        desktop_windows
                      </span>
                    </div>
                    <div>
                      <p
                        class="css-m2i5yq"
                      >
                        Tech Stack
                      </p>
                      <p
                        class="css-1iab9o6"
                      >
                        06
                         
                        // 
                         
                        6
                         
                         RESOURCES
                      </p>
                    </div>
                  </div>
                  <div
                    class="css-1yqqwe7"
                  >
                    <h3
                      class="chakra-heading css-ilvt5x"
                    >
                      DESKTOP ECOSYSTEM
                    </h3>
                    <p
                      class="css-wu7933"
                    >
                      Comprehensive guides and tools for Linux, macOS, and Unix-like systems.
                    </p>
                  </div>
                </div>
                <div
                  class="css-1xsgqyo"
                >
                  <div
                    class="chakra-stack css-1x0y7ph"
                  >
                    <div
                      class="css-idhj6b"
                    />
                    <p
                      class="css-v5jli6"
                    >
                      / ELITE STACK
                    </p>
                  </div>
                  <div
                    class="css-1fj2by5"
                  >
                    <span
                      class="material-symbols-outlined"
                      style="font-size: 24px;"
                    >
                      arrow_forward
                    </span>
                  </div>
                </div>
              </div>
            </div>
          </a>
        </div>
        <div
          class="css-1h8tubl"
          style="opacity: 0; will-change: opacity,transform; transform: scale(0.9);"
        >
          <a
            data-discover="true"
            href="/reading"
            style="text-decoration: none; display: block; height: 100%;"
          >
            <div
              class="css-no5l6c"
              role="group"
            >
              <div
                class="css-e7tv5z"
              />
              <div
                class="css-11f8q1m"
              >
                <div
                  class="css-cmph9f"
                >
                  <div
                    class="css-2wuqlq"
                  >
                    <div
                      class="css-hfhbfz"
                    >
                      <span
                        class="material-symbols-outlined"
                        style="font-size: 28px;"
                      >
                        library_books
                      </span>
                    </div>
                    <div>
                      <p
                        class="css-m2i5yq"
                      >
                        Featured Category
                      </p>
                      <p
                        class="css-1iab9o6"
                      >
                        07
                         
                        // 
                         
                        7
                         
                         RESOURCES
                      </p>
                    </div>
                  </div>
                  <div
                    class="css-1yqqwe7"
                  >
                    <h3
                      class="chakra-heading css-qh20wb"
                    >
                      BOOKS & READING
                    </h3>
                    <p
                      class="css-766f9t"
                    >
                      Vast libraries of ebooks, comics, audiobooks, and specialized journals.
                    </p>
                  </div>
                </div>
                <div
                  class="css-1xsgqyo"
                >
                  <div
                    class="chakra-stack css-1x0y7ph"
                  >
                    <div
                      class="css-idhj6b"
                    />
                    <p
                      class="css-v5jli6"
                    >
                      / ELITE STACK
                    </p>
                  </div>
                  <div
                    class="css-1fj2by5"
                  >
                    <span
                      class="material-symbols-outlined"
                      style="font-size: 24px;"
                    >
                      arrow_forward
                    </span>
                  </div>
                </div>
              </div>
            </div>
          </a>
        </div>
        <div
          class="css-1pms3ts"
          style="opacity: 0; will-change: opacity,transform; transform: scale(0.9);"
        >
          <a
            data-discover="true"
            href="/gaming"
            style="text-decoration: none; display: block; height: 100%;"
          >
            <div
              class="css-1496l24"
              role="group"
            >
              <div
                class="css-e7tv5z"
              />
              <div
                class="css-11f8q1m"
              >
                <div
                  class="css-cmph9f"
                >
                  <div
                    class="css-2wuqlq"
                  >
                    <div
                      class="css-1p860i"
                    >
                      <span
                        class="material-symbols-outlined"
                        style="font-size: 20px;"
                      >
                        sports_esports
                      </span>
                    </div>
                    <div>
                      <p
                        class="css-m2i5yq"
                      >
                        Tech Stack
                      </p>
                      <p
                        class="css-1iab9o6"
                      >
                        08
                         
                        // 
                         
                        5
                         
                         RESOURCES
                      </p>
                    </div>
                  </div>
                  <div
                    class="css-1yqqwe7"
                  >
                    <h3
                      class="chakra-heading css-ilvt5x"
                    >
                      GAMING & EMULATION
                    </h3>
                    <p
                      class="css-wu7933"
                    >
                      Elite game repositories, emulation guides, and interactive entertainment.
                    </p>
                  </div>
                </div>
                <div
                  class="css-1xsgqyo"
                >
                  <div
                    class="chakra-stack css-1x0y7ph"
                  >
                    <div
                      class="css-idhj6b"
                    />
                    <p
                      class="css-v5jli6"
                    >
                      / ELITE STACK
                    </p>
                  </div>
                  <div
                    class="css-1fj2by5"
                  >
                    <span
                      class="material-symbols-outlined"
                      style="font-size: 24px;"
                    >
                      arrow_forward
                    </span>
                  </div>
                </div>
              </div>
            </div>
          </a>
        </div>
        <div
          class="css-1pms3ts"
          style="opacity: 0; will-change: opacity,transform; transform: scale(0.9);"
        >
          <a
            data-discover="true"
            href="/privacy-security"
            style="text-decoration: none; display: block; height: 100%;"
          >
            <div
              class="css-1496l24"
              role="group"
            >
              <div
                class="css-e7tv5z"
              />
              <div
                class="css-11f8q1m"
              >
                <div
                  class="css-cmph9f"
                >
                  <div
                    class="css-2wuqlq"
                  >
                    <div
                      class="css-1p860i"
                    >
                      <span
                        class="material-symbols-outlined"
                        style="font-size: 20px;"
                      >
                        admin_panel_settings
                      </span>
                    </div>
                    <div>
                      <p
                        class="css-m2i5yq"
                      >
                        Tech Stack
                      </p>
                      <p
                        class="css-1iab9o6"
                      >
                        09
                         
                        // 
                         
                        6
                         
                         RESOURCES
                      </p>
                    </div>
                  </div>
                  <div
                    class="css-1yqqwe7"
                  >
                    <h3
                      class="chakra-heading css-ilvt5x"
                    >
                      PRIVACY & SECURITY
                    </h3>
                    <p
                      class="css-wu7933"
                    >
                      Essential adblocking, VPNs, and privacy-enhancing technologies.
                    </p>
                  </div>
                </div>
                <div
                  class="css-1xsgqyo"
                >
                  <div
                    class="chakra-stack css-1x0y7ph"
                  >
                    <div
                      class="css-idhj6b"
                    />
                    <p
                      class="css-v5jli6"
                    >
                      / ELITE STACK
                    </p>
                  </div>
                  <div
                    class="css-1fj2by5"
                  >
                    <span
                      class="material-symbols-outlined"
                      style="font-size: 24px;"
                    >
                      arrow_forward
                    </span>
                  </div>
                </div>
              </div>
            </div>
          </a>
        </div>
        <div
          class="css-1h8tubl"
          style="opacity: 0; will-change: opacity,transform; transform: scale(0.9);"
        >
          <a
            data-discover="true"
            href="/audio"
            style="text-decoration: none; display: block; height: 100%;"
          >
            <div
              class="css-no5l6c"
              role="group"
            >
              <div
                class="css-e7tv5z"
              />
              <div
                class="css-11f8q1m"
              >
                <div
                  class="css-cmph9f"
                >
                  <div
                    class="css-2wuqlq"
                  >
                    <div
                      class="css-hfhbfz"
                    >
                      <span
                        class="material-symbols-outlined"
                        style="font-size: 28px;"
                      >
                        podcasts
                      </span>
                    </div>
                    <div>
                      <p
                        class="css-m2i5yq"
                      >
                        Featured Category
                      </p>
                      <p
                        class="css-1iab9o6"
                      >
                        10
                         
                        // 
                         
                        7
                         
                         RESOURCES
                      </p>
                    </div>
                  </div>
                  <div
                    class="css-1yqqwe7"
                  >
                    <h3
                      class="chakra-heading css-qh20wb"
                    >
                      MUSIC & AUDIO
                    </h3>
                    <p
                      class="css-766f9t"
                    >
                      High-fidelity streaming, radio, and audio management resources.
                    </p>
                  </div>
                </div>
                <div
                  class="css-1xsgqyo"
                >
                  <div
                    class="chakra-stack css-1x0y7ph"
                  >
                    <div
                      class="css-idhj6b"
                    />
                    <p
                      class="css-v5jli6"
                    >
                      / ELITE STACK
                    </p>
                  </div>
                  <div
                    class="css-1fj2by5"
                  >
                    <span
                      class="material-symbols-outlined"
                      style="font-size: 24px;"
                    >
                      arrow_forward
                    </span>
                  </div>
                </div>
              </div>
            </div>
          </a>
        </div>
        <div
          class="css-1pms3ts"
          style="opacity: 0; will-change: opacity,transform; transform: scale(0.9);"
        >
          <a
            data-discover="true"
            href="/non-english"
            style="text-decoration: none; display: block; height: 100%;"
          >
            <div
              class="css-1496l24"
              role="group"
            >
              <div
                class="css-e7tv5z"
              />
              <div
                class="css-11f8q1m"
              >
                <div
                  class="css-cmph9f"
                >
                  <div
                    class="css-2wuqlq"
                  >
                    <div
                      class="css-1p860i"
                    >
                      <span
                        class="material-symbols-outlined"
                        style="font-size: 20px;"
                      >
                        translate
                      </span>
                    </div>
                    <div>
                      <p
                        class="css-m2i5yq"
                      >
                        Tech Stack
                      </p>
                      <p
                        class="css-1iab9o6"
                      >
                        11
                         
                        // 
                         
                        30
                         
                         RESOURCES
                      </p>
                    </div>
                  </div>
                  <div
                    class="css-1yqqwe7"
                  >
                    <h3
                      class="chakra-heading css-ilvt5x"
                    >
                      NON-ENGLISH RESOURCES
                    </h3>
                    <p
                      class="css-wu7933"
                    >
                      Global technology archives and curated resources in over 30 languages.
                    </p>
                  </div>
                </div>
                <div
                  class="css-1xsgqyo"
                >
                  <div
                    class="chakra-stack css-1x0y7ph"
                  >
                    <div
                      class="css-idhj6b"
                    />
                    <p
                      class="css-v5jli6"
                    >
                      / ELITE STACK
                    </p>
                  </div>
                  <div
                    class="css-1fj2by5"
                  >
                    <span
                      class="material-symbols-outlined"
                      style="font-size: 24px;"
                    >
                      arrow_forward
                    </span>
                  </div>
                </div>
              </div>
            </div>
          </a>
        </div>
        <div
          class="css-1pms3ts"
          style="opacity: 0; will-change: opacity,transform; transform: scale(0.9);"
        >
          <a
            data-discover="true"
            href="/miscellaneous"
            style="text-decoration: none; display: block; height: 100%;"
          >
            <div
              class="css-1496l24"
              role="group"
            >
              <div
                class="css-e7tv5z"
              />
              <div
                class="css-11f8q1m"
              >
                <div
                  class="css-cmph9f"
                >
                  <div
                    class="css-2wuqlq"
                  >
                    <div
                      class="css-1p860i"
                    >
                      <span
                        class="material-symbols-outlined"
                        style="font-size: 20px;"
                      >
                        category
                      </span>
                    </div>
                    <div>
                      <p
                        class="css-m2i5yq"
                      >
                        Tech Stack
                      </p>
                      <p
                        class="css-1iab9o6"
                      >
                        12
                         
                        // 
                         
                        16
                         
                         RESOURCES
                      </p>
                    </div>
                  </div>
                  <div
                    class="css-1yqqwe7"
                  >
                    <h3
                      class="chakra-heading css-ilvt5x"
                    >
                      MISCELLANEOUS
                    </h3>
                    <p
                      class="css-wu7933"
                    >
                      A diverse collection of lifestyle, utility, and elite niche resources.
                    </p>
                  </div>
                </div>
                <div
                  class="css-1xsgqyo"
                >
                  <div
                    class="chakra-stack css-1x0y7ph"
                  >
                    <div
                      class="css-idhj6b"
                    />
                    <p
                      class="css-v5jli6"
                    >
                      / ELITE STACK
                    </p>
                  </div>
                  <div
                    class="css-1fj2by5"
                  >
                    <span
                      class="material-symbols-outlined"
                      style="font-size: 24px;"
                    >
                      arrow_forward
                    </span>
                  </div>
                </div>
              </div>
            </div>
          </a>
        </div>
        <div
          class="css-1h8tubl"
          style="opacity: 0; will-change: opacity,transform; transform: scale(0.9);"
        >
          <a
            data-discover="true"
            href="/system-tools"
            style="text-decoration: none; display: block; height: 100%;"
          >
            <div
              class="css-no5l6c"
              role="group"
            >
              <div
                class="css-e7tv5z"
              />
              <div
                class="css-11f8q1m"
              >
                <div
                  class="css-cmph9f"
                >
                  <div
                    class="css-2wuqlq"
                  >
                    <div
                      class="css-hfhbfz"
                    >
                      <span
                        class="material-symbols-outlined"
                        style="font-size: 28px;"
                      >
                        settings_suggest
                      </span>
                    </div>
                    <div>
                      <p
                        class="css-m2i5yq"
                      >
                        Featured Category
                      </p>
                      <p
                        class="css-1iab9o6"
                      >
                        13
                         
                        // 
                         
                        4
                         
                         RESOURCES
                      </p>
                    </div>
                  </div>
                  <div
                    class="css-1yqqwe7"
                  >
                    <h3
                      class="chakra-heading css-qh20wb"
                    >
                      SYSTEM TOOLS
                    </h3>
                    <p
                      class="css-766f9t"
                    >
                      Elite OS utilities, hardware diagnostics, and customization frameworks.
                    </p>
                  </div>
                </div>
                <div
                  class="css-1xsgqyo"
                >
                  <div
                    class="chakra-stack css-1x0y7ph"
                  >
                    <div
                      class="css-idhj6b"
                    />
                    <p
                      class="css-v5jli6"
                    >
                      / ELITE STACK
                    </p>
                  </div>
                  <div
                    class="css-1fj2by5"
                  >
                    <span
                      class="material-symbols-outlined"
                      style="font-size: 24px;"
                    >
                      arrow_forward
                    </span>
                  </div>
                </div>
              </div>
            </div>
          </a>
        </div>
        <div
          class="css-1pms3ts"
          style="opacity: 0; will-change: opacity,transform; transform: scale(0.9);"
        >
          <a
            data-discover="true"
            href="/file-tools"
            style="text-decoration: none; display: block; height: 100%;"
          >
            <div
              class="css-1496l24"
              role="group"
            >
              <div
                class="css-e7tv5z"
              />
              <div
                class="css-11f8q1m"
              >
                <div
                  class="css-cmph9f"
                >
                  <div
                    class="css-2wuqlq"
                  >
                    <div
                      class="css-1p860i"
                    >
                      <span
                        class="material-symbols-outlined"
                        style="font-size: 20px;"
                      >
                        folder_zip
                      </span>
                    </div>
                    <div>
                      <p
                        class="css-m2i5yq"
                      >
                        Tech Stack
                      </p>
                      <p
                        class="css-1iab9o6"
                      >
                        14
                         
                        // 
                         
                        4
                         
                         RESOURCES
                      </p>
                    </div>
                  </div>
                  <div
                    class="css-1yqqwe7"
                  >
                    <h3
                      class="chakra-heading css-ilvt5x"
                    >
                      FILE TOOLS
                    </h3>
                    <p
                      class="css-wu7933"
                    >
                      Advanced file management, PDF processing, and cloud hosting utilities.
                    </p>
                  </div>
                </div>
                <div
                  class="css-1xsgqyo"
                >
                  <div
                    class="chakra-stack css-1x0y7ph"
                  >
                    <div
                      class="css-idhj6b"
                    />
                    <p
                      class="css-v5jli6"
                    >
                      / ELITE STACK
                    </p>
                  </div>
                  <div
                    class="css-1fj2by5"
                  >
                    <span
                      class="material-symbols-outlined"
                      style="font-size: 24px;"
                    >
                      arrow_forward
                    </span>
                  </div>
                </div>
              </div>
            </div>
          </a>
        </div>
        <div
          class="css-1pms3ts"
          style="opacity: 0; will-change: opacity,transform; transform: scale(0.9);"
        >
          <a
            data-discover="true"
            href="/internet-tools"
            style="text-decoration: none; display: block; height: 100%;"
          >
            <div
              class="css-1496l24"
              role="group"
            >
              <div
                class="css-e7tv5z"
              />
              <div
                class="css-11f8q1m"
              >
                <div
                  class="css-cmph9f"
                >
                  <div
                    class="css-2wuqlq"
                  >
                    <div
                      class="css-1p860i"
                    >
                      <span
                        class="material-symbols-outlined"
                        style="font-size: 20px;"
                      >
                        language
                      </span>
                    </div>
                    <div>
                      <p
                        class="css-m2i5yq"
                      >
                        Tech Stack
                      </p>
                      <p
                        class="css-1iab9o6"
                      >
                        15
                         
                        // 
                         
                        8
                         
                         RESOURCES
                      </p>
                    </div>
                  </div>
                  <div
                    class="css-1yqqwe7"
                  >
                    <h3
                      class="chakra-heading css-ilvt5x"
                    >
                      INTERNET TOOLS
                    </h3>
                    <p
                      class="css-wu7933"
                    >
                      Powerful web utilities, OSINT frameworks, and browsing enhancements.
                    </p>
                  </div>
                </div>
                <div
                  class="css-1xsgqyo"
                >
                  <div
                    class="chakra-stack css-1x0y7ph"
                  >
                    <div
                      class="css-idhj6b"
                    />
                    <p
                      class="css-v5jli6"
                    >
                      / ELITE STACK
                    </p>
                  </div>
                  <div
                    class="css-1fj2by5"
                  >
                    <span
                      class="material-symbols-outlined"
                      style="font-size: 24px;"
                    >
                      arrow_forward
                    </span>
                  </div>
                </div>
              </div>
            </div>
          </a>
        </div>
        <div
          class="css-1pms3ts"
          style="opacity: 0; will-change: opacity,transform; transform: scale(0.9);"
        >
          <a
            data-discover="true"
            href="/social-tools"
            style="text-decoration: none; display: block; height: 100%;"
          >
            <div
              class="css-1496l24"
              role="group"
            >
              <div
                class="css-e7tv5z"
              />
              <div
                class="css-11f8q1m"
              >
                <div
                  class="css-cmph9f"
                >
                  <div
                    class="css-2wuqlq"
                  >
                    <div
                      class="css-1p860i"
                    >
                      <span
                        class="material-symbols-outlined"
                        style="font-size: 20px;"
                      >
                        groups
                      </span>
                    </div>
                    <div>
                      <p
                        class="css-m2i5yq"
                      >
                        Tech Stack
                      </p>
                      <p
                        class="css-1iab9o6"
                      >
                        16
                         
                        // 
                         
                        9
                         
                         RESOURCES
                      </p>
                    </div>
                  </div>
                  <div
                    class="css-1yqqwe7"
                  >
                    <h3
                      class="chakra-heading css-ilvt5x"
                    >
                      SOCIAL MEDIA TOOLS
                    </h3>
                    <p
                      class="css-wu7933"
                    >
                      Elite automation and management tools for global social platforms.
                    </p>
                  </div>
                </div>
                <div
                  class="css-1xsgqyo"
                >
                  <div
                    class="chakra-stack css-1x0y7ph"
                  >
                    <div
                      class="css-idhj6b"
                    />
                    <p
                      class="css-v5jli6"
                    >
                      / ELITE STACK
                    </p>
                  </div>
                  <div
                    class="css-1fj2by5"
                  >
                    <span
                      class="material-symbols-outlined"
                      style="font-size: 24px;"
                    >
                      arrow_forward
                    </span>
                  </div>
                </div>
              </div>
            </div>
          </a>
        </div>
        <div
          class="css-1pms3ts"
          style="opacity: 0; will-change: opacity,transform; transform: scale(0.9);"
        >
          <a
            data-discover="true"
            href="/text-tools"
            style="text-decoration: none; display: block; height: 100%;"
          >
            <div
              class="css-1496l24"
              role="group"
            >
              <div
                class="css-e7tv5z"
              />
              <div
                class="css-11f8q1m"
              >
                <div
                  class="css-cmph9f"
                >
                  <div
                    class="css-2wuqlq"
                  >
                    <div
                      class="css-1p860i"
                    >
                      <span
                        class="material-symbols-outlined"
                        style="font-size: 20px;"
                      >
                        text_fields
                      </span>
                    </div>
                    <div>
                      <p
                        class="css-m2i5yq"
                      >
                        Tech Stack
                      </p>
                      <p
                        class="css-1iab9o6"
                      >
                        17
                         
                        // 
                         
                        4
                         
                         RESOURCES
                      </p>
                    </div>
                  </div>
                  <div
                    class="css-1yqqwe7"
                  >
                    <h3
                      class="chakra-heading css-ilvt5x"
                    >
                      TEXT & MARKUP TOOLS
                    </h3>
                    <p
                      class="css-wu7933"
                    >
                      Professional editors, markup processors, and typography resources.
                    </p>
                  </div>
                </div>
                <div
                  class="css-1xsgqyo"
                >
                  <div
                    class="chakra-stack css-1x0y7ph"
                  >
                    <div
                      class="css-idhj6b"
                    />
                    <p
                      class="css-v5jli6"
                    >
                      / ELITE STACK
                    </p>
                  </div>
                  <div
                    class="css-1fj2by5"
                  >
                    <span
                      class="material-symbols-outlined"
                      style="font-size: 24px;"
                    >
                      arrow_forward
                    </span>
                  </div>
                </div>
              </div>
            </div>
          </a>
        </div>
        <div
          class="css-1pms3ts"
          style="opacity: 0; will-change: opacity,transform; transform: scale(0.9);"
        >
          <a
            data-discover="true"
            href="/gaming-tools"
            style="text-decoration: none; display: block; height: 100%;"
          >
            <div
              class="css-1496l24"
              role="group"
            >
              <div
                class="css-e7tv5z"
              />
              <div
                class="css-11f8q1m"
              >
                <div
                  class="css-cmph9f"
                >
                  <div
                    class="css-2wuqlq"
                  >
                    <div
                      class="css-1p860i"
                    >
                      <span
                        class="material-symbols-outlined"
                        style="font-size: 20px;"
                      >
                        sports_esports
                      </span>
                    </div>
                    <div>
                      <p
                        class="css-m2i5yq"
                      >
                        Tech Stack
                      </p>
                      <p
                        class="css-1iab9o6"
                      >
                        18
                         
                        // 
                         
                        7
                         
                         RESOURCES
                      </p>
                    </div>
                  </div>
                  <div
                    class="css-1yqqwe7"
                  >
                    <h3
                      class="chakra-heading css-ilvt5x"
                    >
                      GAMING UTILITIES
                    </h3>
                    <p
                      class="css-wu7933"
                    >
                      Performance boosters, game trackers, and homebrew Minecraft tools.
                    </p>
                  </div>
                </div>
                <div
                  class="css-1xsgqyo"
                >
                  <div
                    class="chakra-stack css-1x0y7ph"
                  >
                    <div
                      class="css-idhj6b"
                    />
                    <p
                      class="css-v5jli6"
                    >
                      / ELITE STACK
                    </p>
                  </div>
                  <div
                    class="css-1fj2by5"
                  >
                    <span
                      class="material-symbols-outlined"
                      style="font-size: 24px;"
                    >
                      arrow_forward
                    </span>
                  </div>
                </div>
              </div>
            </div>
          </a>
        </div>
        <div
          class="css-1pms3ts"
          style="opacity: 0; will-change: opacity,transform; transform: scale(0.9);"
        >
          <a
            data-discover="true"
            href="/image-tools"
            style="text-decoration: none; display: block; height: 100%;"
          >
            <div
              class="css-1496l24"
              role="group"
            >
              <div
                class="css-e7tv5z"
              />
              <div
                class="css-11f8q1m"
              >
                <div
                  class="css-cmph9f"
                >
                  <div
                    class="css-2wuqlq"
                  >
                    <div
                      class="css-1p860i"
                    >
                      <span
                        class="material-symbols-outlined"
                        style="font-size: 20px;"
                      >
                        image
                      </span>
                    </div>
                    <div>
                      <p
                        class="css-m2i5yq"
                      >
                        Tech Stack
                      </p>
                      <p
                        class="css-1iab9o6"
                      >
                        19
                         
                        // 
                         
                        7
                         
                         RESOURCES
                      </p>
                    </div>
                  </div>
                  <div
                    class="css-1yqqwe7"
                  >
                    <h3
                      class="chakra-heading css-ilvt5x"
                    >
                      IMAGE & DESIGN TOOLS
                    </h3>
                    <p
                      class="css-wu7933"
                    >
                      Elite editing suites, 3D modeling, and creative design resources.
                    </p>
                  </div>
                </div>
                <div
                  class="css-1xsgqyo"
                >
                  <div
                    class="chakra-stack css-1x0y7ph"
                  >
                    <div
                      class="css-idhj6b"
                    />
                    <p
                      class="css-v5jli6"
                    >
                      / ELITE STACK
                    </p>
                  </div>
                  <div
                    class="css-1fj2by5"
                  >
                    <span
                      class="material-symbols-outlined"
                      style="font-size: 24px;"
                    >
                      arrow_forward
                    </span>
                  </div>
                </div>
              </div>
            </div>
          </a>
        </div>
        <div
          class="css-1pms3ts"
          style="opacity: 0; will-change: opacity,transform; transform: scale(0.9);"
        >
          <a
            data-discover="true"
            href="/video-tools"
            style="text-decoration: none; display: block; height: 100%;"
          >
            <div
              class="css-1496l24"
              role="group"
            >
              <div
                class="css-e7tv5z"
              />
              <div
                class="css-11f8q1m"
              >
                <div
                  class="css-cmph9f"
                >
                  <div
                    class="css-2wuqlq"
                  >
                    <div
                      class="css-1p860i"
                    >
                      <span
                        class="material-symbols-outlined"
                        style="font-size: 20px;"
                      >
                        video_library
                      </span>
                    </div>
                    <div>
                      <p
                        class="css-m2i5yq"
                      >
                        Tech Stack
                      </p>
                      <p
                        class="css-1iab9o6"
                      >
                        20
                         
                        // 
                         
                        5
                         
                         RESOURCES
                      </p>
                    </div>
                  </div>
                  <div
                    class="css-1yqqwe7"
                  >
                    <h3
                      class="chakra-heading css-ilvt5x"
                    >
                      VIDEO & MEDIA TOOLS
                    </h3>
                    <p
                      class="css-wu7933"
                    >
                      Professional players, media servers, and non-linear editing suites.
                    </p>
                  </div>
                </div>
                <div
                  class="css-1xsgqyo"
                >
                  <div
                    class="chakra-stack css-1x0y7ph"
                  >
                    <div
                      class="css-idhj6b"
                    />
                    <p
                      class="css-v5jli6"
                    >
                      / ELITE STACK
                    </p>
                  </div>
                  <div
                    class="css-1fj2by5"
                  >
                    <span
                      class="material-symbols-outlined"
                      style="font-size: 24px;"
                    >
                      arrow_forward
                    </span>
                  </div>
                </div>
              </div>
            </div>
          </a>
        </div>
        <div
          class="css-1pms3ts"
          style="opacity: 0; will-change: opacity,transform; transform: scale(0.9);"
        >
          <a
            data-discover="true"
            href="/audio-tools"
            style="text-decoration: none; display: block; height: 100%;"
          >
            <div
              class="css-1496l24"
              role="group"
            >
              <div
                class="css-e7tv5z"
              />
              <div
                class="css-11f8q1m"
              >
                <div
                  class="css-cmph9f"
                >
                  <div
                    class="css-2wuqlq"
                  >
                    <div
                      class="css-1p860i"
                    >
                      <span
                        class="material-symbols-outlined"
                        style="font-size: 20px;"
                      >
                        headphones
                      </span>
                    </div>
                    <div>
                      <p
                        class="css-m2i5yq"
                      >
                        Tech Stack
                      </p>
                      <p
                        class="css-1iab9o6"
                      >
                        21
                         
                        // 
                         
                        5
                         
                         RESOURCES
                      </p>
                    </div>
                  </div>
                  <div
                    class="css-1yqqwe7"
                  >
                    <h3
                      class="chakra-heading css-ilvt5x"
                    >
                      AUDIO ENGINEERING
                    </h3>
                    <p
                      class="css-wu7933"
                    >
                      DAWs, spatial audio tools, and system-wide audio processing.
                    </p>
                  </div>
                </div>
                <div
                  class="css-1xsgqyo"
                >
                  <div
                    class="chakra-stack css-1x0y7ph"
                  >
                    <div
                      class="css-idhj6b"
                    />
                    <p
                      class="css-v5jli6"
                    >
                      / ELITE STACK
                    </p>
                  </div>
                  <div
                    class="css-1fj2by5"
                  >
                    <span
                      class="material-symbols-outlined"
                      style="font-size: 24px;"
                    >
                      arrow_forward
                    </span>
                  </div>
                </div>
              </div>
            </div>
          </a>
        </div>
        <div
          class="css-1pms3ts"
          style="opacity: 0; will-change: opacity,transform; transform: scale(0.9);"
        >
          <a
            data-discover="true"
            href="/educational-tools"
            style="text-decoration: none; display: block; height: 100%;"
          >
            <div
              class="css-1496l24"
              role="group"
            >
              <div
                class="css-e7tv5z"
              />
              <div
                class="css-11f8q1m"
              >
                <div
                  class="css-cmph9f"
                >
                  <div
                    class="css-2wuqlq"
                  >
                    <div
                      class="css-1p860i"
                    >
                      <span
                        class="material-symbols-outlined"
                        style="font-size: 20px;"
                      >
                        school
                      </span>
                    </div>
                    <div>
                      <p
                        class="css-m2i5yq"
                      >
                        Tech Stack
                      </p>
                      <p
                        class="css-1iab9o6"
                      >
                        22
                         
                        // 
                         
                        6
                         
                         RESOURCES
                      </p>
                    </div>
                  </div>
                  <div
                    class="css-1yqqwe7"
                  >
                    <h3
                      class="chakra-heading css-ilvt5x"
                    >
                      EDUCATIONAL UTILITIES
                    </h3>
                    <p
                      class="css-wu7933"
                    >
                      Elite research aids, encyclopedia tools, and learning platforms.
                    </p>
                  </div>
                </div>
                <div
                  class="css-1xsgqyo"
                >
                  <div
                    class="chakra-stack css-1x0y7ph"
                  >
                    <div
                      class="css-idhj6b"
                    />
                    <p
                      class="css-v5jli6"
                    >
                      / ELITE STACK
                    </p>
                  </div>
                  <div
                    class="css-1fj2by5"
                  >
                    <span
                      class="material-symbols-outlined"
                      style="font-size: 24px;"
                    >
                      arrow_forward
                    </span>
                  </div>
                </div>
              </div>
            </div>
          </a>
        </div>
        <div
          class="css-1pms3ts"
          style="opacity: 0; will-change: opacity,transform; transform: scale(0.9);"
        >
          <a
            data-discover="true"
            href="/developer-tools"
            style="text-decoration: none; display: block; height: 100%;"
          >
            <div
              class="css-1496l24"
              role="group"
            >
              <div
                class="css-e7tv5z"
              />
              <div
                class="css-11f8q1m"
              >
                <div
                  class="css-cmph9f"
                >
                  <div
                    class="css-2wuqlq"
                  >
                    <div
                      class="css-1p860i"
                    >
                      <span
                        class="material-symbols-outlined"
                        style="font-size: 20px;"
                      >
                        terminal
                      </span>
                    </div>
                    <div>
                      <p
                        class="css-m2i5yq"
                      >
                        Tech Stack
                      </p>
                      <p
                        class="css-1iab9o6"
                      >
                        23
                         
                        // 
                         
                        12
                         
                         RESOURCES
                      </p>
                    </div>
                  </div>
                  <div
                    class="css-1yqqwe7"
                  >
                    <h3
                      class="chakra-heading css-ilvt5x"
                    >
                      DEVELOPER ECOSYSTEM
                    </h3>
                    <p
                      class="css-wu7933"
                    >
                      The ultimate stack for coding, web dev, hosting, and cybersecurity.
                    </p>
                  </div>
                </div>
                <div
                  class="css-1xsgqyo"
                >
                  <div
                    class="chakra-stack css-1x0y7ph"
                  >
                    <div
                      class="css-idhj6b"
                    />
                    <p
                      class="css-v5jli6"
                    >
                      / ELITE STACK
                    </p>
                  </div>
                  <div
                    class="css-1fj2by5"
                  >
                    <span
                      class="material-symbols-outlined"
                      style="font-size: 24px;"
                    >
                      arrow_forward
                    </span>
                  </div>
                </div>
              </div>
            </div>
          </a>
        </div>
        <div
          class="css-1pms3ts"
          style="opacity: 0; will-change: opacity,transform; transform: scale(0.9);"
        >
          <a
            data-discover="true"
            href="/uncategorised"
            style="text-decoration: none; display: block; height: 100%;"
          >
            <div
              class="css-1496l24"
              role="group"
            >
              <div
                class="css-e7tv5z"
              />
              <div
                class="css-11f8q1m"
              >
                <div
                  class="css-cmph9f"
                >
                  <div
                    class="css-2wuqlq"
                  >
                    <div
                      class="css-1p860i"
                    >
                      <span
                        class="material-symbols-outlined"
                        style="font-size: 20px;"
                      >
                        folder_open
                      </span>
                    </div>
                    <div>
                      <p
                        class="css-m2i5yq"
                      >
                        Tech Stack
                      </p>
                      <p
                        class="css-1iab9o6"
                      >
                        24
                         
                        // 
                         
                        35
                         
                         RESOURCES
                      </p>
                    </div>
                  </div>
                  <div
                    class="css-1yqqwe7"
                  >
                    <h3
                      class="chakra-heading css-ilvt5x"
                    >
                      UNCATEGORISED
                    </h3>
                    <p
                      class="css-wu7933"
                    >
                      Curated collections of niche technology resources, developer libraries, and specialized tools.
                    </p>
                  </div>
                </div>
                <div
                  class="css-1xsgqyo"
                >
                  <div
                    class="chakra-stack css-1x0y7ph"
                  >
                    <div
                      class="css-idhj6b"
                    />
                    <p
                      class="css-v5jli6"
                    >
                      / ELITE STACK
                    </p>
                  </div>
                  <div
                    class="css-1fj2by5"
                  >
                    <span
                      class="material-symbols-outlined"
                      style="font-size: 24px;"
                    >
                      arrow_forward
                    </span>
                  </div>
                </div>
              </div>
            </div>
          </a>
        </div>
      </div>
    </section>
  </div>
</div>
`;
