// Jest Snapshot v1, https://goo.gl/fbAQLP

exports[`Search modal Should render correctly 1`] = `
<div>
  <div
    class="chakra-stack css-q6ncq3"
  >
    <div
      class="css-1lowjss"
    >
      <div
        class="css-1ebzxwr"
      >
        <span
          class="material-symbols-outlined"
          style="font-size: 24px;"
        >
          search
        </span>
      </div>
      <input
        class="chakra-input css-1yvdd1p"
        placeholder="Search the tech stack..."
        value=""
      />
      <div
        class="chakra-stack css-1x0y7ph"
      >
        <div
          class="css-1i7ja2w"
        >
          <p
            class="css-10tpgzx"
          >
            ESC
          </p>
        </div>
      </div>
    </div>
    <div
      class="css-1hgr0s7"
    >
      <div
        class="css-1p0zyki"
      >
        <p
          class="css-1n2tetg"
        >
          Type at least 2 characters to search...
        </p>
      </div>
    </div>
    <div
      class="css-1es5x1w"
    >
      <div
        class="chakra-stack css-121t02s"
      >
        <div
          class="chakra-stack css-6cpqb8"
        >
          <span
            class="material-symbols-outlined"
            style="font-size: 14px;"
          >
            keyboard_return
          </span>
          <p>
            to select
          </p>
        </div>
        <div
          class="chakra-stack css-6cpqb8"
        >
          <span
            class="material-symbols-outlined"
            style="font-size: 14px;"
          >
            swap_vert
          </span>
          <p>
            to navigate
          </p>
        </div>
      </div>
    </div>
  </div>
</div>
`;
