// Jest Snapshot v1, https://goo.gl/fbAQLP

exports[`Host should render correctly 1`] = `
<div>
  <div
    class="css-8qdz7x"
  >
    <header
      class="css-lkgpjt"
    >
      <div
        class="chakra-stack css-1kydda"
      >
        <a
          data-discover="true"
          href="/"
          style="text-decoration: none;"
        >
          <p
            class="css-lwhv2b"
          >
            WorldOfTech
          </p>
        </a>
      </div>
      <div
        class="chakra-stack css-465vsc"
      >
        <button
          aria-label="Search Resources"
          class="chakra-button css-1cxguc5"
          type="button"
        >
          <span
            class="material-symbols-outlined"
            style="font-size: 20px;"
          >
            search
          </span>
        </button>
        <button
          aria-label="Your Favorites"
          class="chakra-button css-1cxguc5"
          type="button"
        >
          <span
            class="material-symbols-outlined"
            style="font-size: 20px;"
          >
            star
          </span>
        </button>
        <button
          aria-label="toggle-color-mode"
          class="chakra-button css-hjqm2w"
          type="button"
        >
          <svg
            color="primary"
            fill="currentColor"
            height="20"
            viewBox="0 0 16 16"
            width="20"
          >
            <path
              d="M8 11a3 3 0 110-6 3 3 0 010 6zm0 1a4 4 0 100-8 4 4 0 000 8zM8 0a.5.5 0 01.5.5v2a.5.5 0 01-1 0v-2A.5.5 0 018 0zm0 13a.5.5 0 01.5.5v2a.5.5 0 01-1 0v-2A.5.5 0 018 13zm8-5a.5.5 0 01-.5.5h-2a.5.5 0 010-1h2a.5.5 0 01.5.5zM3 8a.5.5 0 01-.5.5h-2a.5.5 0 010-1h2A.5.5 0 013 8zm10.657-5.657a.5.5 0 010 .707l-1.414 1.415a.5.5 0 11-.707-.708l1.414-1.414a.5.5 0 01.707 0zm-9.193 9.193a.5.5 0 010 .707L3.05 13.657a.5.5 0 01-.707-.707l1.414-1.414a.5.5 0 01.707 0zm9.193 2.121a.5.5 0 01-.707 0l-1.414-1.414a.5.5 0 01.707-.707l1.414 1.414a.5.5 0 010 .707zM4.464 4.465a.5.5 0 01-.707 0L2.343 3.05a.5.5 0 11.707-.707l1.414 1.414a.5.5 0 010 .708z"
            />
          </svg>
        </button>
        <a
          class="chakra-link css-2yvnes"
          href="https://github.com/WorldOfTech0/WOT"
          rel="noopener noreferrer"
          style="text-decoration: none;"
          target="_blank"
        >
          <button
            aria-label="GitHub"
            class="chakra-button css-1cxguc5"
            type="button"
          >
            <div
              class="css-1t9pz9x"
            >
              <svg
                fill="currentColor"
                viewBox="0 0 24 24"
                xmlns="http://www.w3.org/2000/svg"
              >
                <path
                  d="M12 .297c-6.63 0-12 5.373-12 12 0 5.303 3.438 9.8 8.205 11.385.6.113.82-.258.82-.577 0-.285-.01-1.04-.015-2.04-3.338.724-4.042-1.61-4.042-1.61C4.422 18.07 3.633 17.7 3.633 17.7c-1.087-.744.084-.729.084-.729 1.205.084 1.838 1.236 1.838 1.236 1.07 1.835 2.809 1.305 3.495.998.108-.776.417-1.305.76-1.605-2.665-.3-5.466-1.332-5.466-5.93 0-1.31.465-2.38 1.235-3.22-.135-.303-.54-1.523.105-3.176 0 0 1.005-.322 3.3 1.23.96-.267 1.98-.399 3-.405 1.02.006 2.04.138 3 .405 2.28-1.552 3.285-1.23 3.285-1.23.645 1.653.24 2.873.12 3.176.765.84 1.23 1.91 1.23 3.22 0 4.61-2.805 5.625-5.475 5.92.42.36.81 1.096.81 2.22 0 1.606-.015 2.896-.015 3.286 0 .315.21.69.825.57C20.565 22.092 24 17.592 24 12.297c0-6.627-5.373-12-12-12"
                />
              </svg>
            </div>
          </button>
        </a>
      </div>
    </header>
    <nav
      class="css-5wk5xm"
    >
      <div
        class="css-tk89gm"
      >
        <p
          class="css-15fik6v"
        >
          Navigation
        </p>
        <div
          class="css-81bkrc"
        />
        <p
          class="css-11nhyxh"
        >
          SYSTEM LIBRARIES
        </p>
      </div>
      <div
        class="css-ixqrcq"
      >
        <div
          class="css-choygu"
        >
          <div
            class="css-1lekzkb"
          >
            <p
              class="css-z6fwwq"
            >
              Information Library
            </p>
            <span
              class="material-symbols-outlined"
              style="font-size: 16px; transform: rotate(180deg); transition: transform 0.3s cubic-bezier(0.4, 0, 0.2, 1);"
            >
              expand_more
            </span>
          </div>
          <div
            class="css-1xhv3dq"
          />
        </div>
        <div
          class="css-6odjo7"
        >
          <div
            class="css-rtymh1"
          >
            <a
              class=""
              data-discover="true"
              href="/media"
              style="text-decoration: none; display: block;"
            >
              <div
                class="css-1jav04l"
              >
                <span
                  class="material-symbols-outlined"
                  style="font-size: 20px; transition: all 0.3s ease;"
                >
                  movie
                </span>
                <p
                  class="css-5hra6z"
                >
                  Media
                </p>
              </div>
            </a>
          </div>
          <div
            class="css-rtymh1"
          >
            <a
              class=""
              data-discover="true"
              href="/ai"
              style="text-decoration: none; display: block;"
            >
              <div
                class="css-1jav04l"
              >
                <span
                  class="material-symbols-outlined"
                  style="font-size: 20px; transition: all 0.3s ease;"
                >
                  psychology
                </span>
                <p
                  class="css-5hra6z"
                >
                  AI
                </p>
              </div>
            </a>
          </div>
          <div
            class="css-rtymh1"
          >
            <a
              class=""
              data-discover="true"
              href="/downloading"
              style="text-decoration: none; display: block;"
            >
              <div
                class="css-1jav04l"
              >
                <span
                  class="material-symbols-outlined"
                  style="font-size: 20px; transition: all 0.3s ease;"
                >
                  download_for_offline
                </span>
                <p
                  class="css-5hra6z"
                >
                  Downloading
                </p>
              </div>
            </a>
          </div>
          <div
            class="css-rtymh1"
          >
            <a
              class=""
              data-discover="true"
              href="/educational"
              style="text-decoration: none; display: block;"
            >
              <div
                class="css-1jav04l"
              >
                <span
                  class="material-symbols-outlined"
                  style="font-size: 20px; transition: all 0.3s ease;"
                >
                  school
                </span>
                <p
                  class="css-5hra6z"
                >
                  Educational
                </p>
              </div>
            </a>
          </div>
          <div
            class="css-rtymh1"
          >
            <a
              class=""
              data-discover="true"
              href="/mobile"
              style="text-decoration: none; display: block;"
            >
              <div
                class="css-1jav04l"
              >
                <span
                  class="material-symbols-outlined"
                  style="font-size: 20px; transition: all 0.3s ease;"
                >
                  smartphone
                </span>
                <p
                  class="css-5hra6z"
                >
                  Mobile
                </p>
              </div>
            </a>
          </div>
          <div
            class="css-rtymh1"
          >
            <a
              class=""
              data-discover="true"
              href="/desktop"
              style="text-decoration: none; display: block;"
            >
              <div
                class="css-1jav04l"
              >
                <span
                  class="material-symbols-outlined"
                  style="font-size: 20px; transition: all 0.3s ease;"
                >
                  desktop_windows
                </span>
                <p
                  class="css-5hra6z"
                >
                  Desktop
                </p>
              </div>
            </a>
          </div>
          <div
            class="css-rtymh1"
          >
            <a
              class=""
              data-discover="true"
              href="/reading"
              style="text-decoration: none; display: block;"
            >
              <div
                class="css-1jav04l"
              >
                <span
                  class="material-symbols-outlined"
                  style="font-size: 20px; transition: all 0.3s ease;"
                >
                  library_books
                </span>
                <p
                  class="css-5hra6z"
                >
                  Reading
                </p>
              </div>
            </a>
          </div>
          <div
            class="css-rtymh1"
          >
            <a
              class=""
              data-discover="true"
              href="/gaming"
              style="text-decoration: none; display: block;"
            >
              <div
                class="css-1jav04l"
              >
                <span
                  class="material-symbols-outlined"
                  style="font-size: 20px; transition: all 0.3s ease;"
                >
                  sports_esports
                </span>
                <p
                  class="css-5hra6z"
                >
                  Gaming
                </p>
              </div>
            </a>
          </div>
          <div
            class="css-rtymh1"
          >
            <a
              class=""
              data-discover="true"
              href="/privacy-security"
              style="text-decoration: none; display: block;"
            >
              <div
                class="css-1jav04l"
              >
                <span
                  class="material-symbols-outlined"
                  style="font-size: 20px; transition: all 0.3s ease;"
                >
                  admin_panel_settings
                </span>
                <p
                  class="css-5hra6z"
                >
                  Privacy
                </p>
              </div>
            </a>
          </div>
          <div
            class="css-rtymh1"
          >
            <a
              class=""
              data-discover="true"
              href="/audio"
              style="text-decoration: none; display: block;"
            >
              <div
                class="css-1jav04l"
              >
                <span
                  class="material-symbols-outlined"
                  style="font-size: 20px; transition: all 0.3s ease;"
                >
                  podcasts
                </span>
                <p
                  class="css-5hra6z"
                >
                  Audio
                </p>
              </div>
            </a>
          </div>
          <div
            class="css-rtymh1"
          >
            <a
              class=""
              data-discover="true"
              href="/non-english"
              style="text-decoration: none; display: block;"
            >
              <div
                class="css-1jav04l"
              >
                <span
                  class="material-symbols-outlined"
                  style="font-size: 20px; transition: all 0.3s ease;"
                >
                  translate
                </span>
                <p
                  class="css-5hra6z"
                >
                  Non-English
                </p>
              </div>
            </a>
          </div>
          <div
            class="css-rtymh1"
          >
            <a
              class=""
              data-discover="true"
              href="/miscellaneous"
              style="text-decoration: none; display: block;"
            >
              <div
                class="css-1jav04l"
              >
                <span
                  class="material-symbols-outlined"
                  style="font-size: 20px; transition: all 0.3s ease;"
                >
                  category
                </span>
                <p
                  class="css-5hra6z"
                >
                  Miscellaneous
                </p>
              </div>
            </a>
          </div>
          <div
            class="css-rtymh1"
          >
            <a
              class=""
              data-discover="true"
              href="/awesome-library"
              style="text-decoration: none; display: block;"
            >
              <div
                class="css-1jav04l"
              >
                <span
                  class="material-symbols-outlined"
                  style="font-size: 20px; transition: all 0.3s ease;"
                >
                  library_books
                </span>
                <p
                  class="css-5hra6z"
                >
                  Awesome Library
                </p>
              </div>
            </a>
          </div>
        </div>
        <div
          class="css-choygu"
        >
          <div
            class="css-1lekzkb"
          >
            <p
              class="css-z6fwwq"
            >
              Information Tools
            </p>
            <span
              class="material-symbols-outlined"
              style="font-size: 16px; transform: rotate(180deg); transition: transform 0.3s cubic-bezier(0.4, 0, 0.2, 1);"
            >
              expand_more
            </span>
          </div>
          <div
            class="css-1xhv3dq"
          />
        </div>
        <div
          class="css-6odjo7"
        >
          <div
            class="css-rtymh1"
          >
            <a
              class=""
              data-discover="true"
              href="/system-tools"
              style="text-decoration: none; display: block;"
            >
              <div
                class="css-1jav04l"
              >
                <span
                  class="material-symbols-outlined"
                  style="font-size: 20px; transition: all 0.3s ease;"
                >
                  settings_suggest
                </span>
                <p
                  class="css-5hra6z"
                >
                  System Tools
                </p>
              </div>
            </a>
          </div>
          <div
            class="css-rtymh1"
          >
            <a
              class=""
              data-discover="true"
              href="/file-tools"
              style="text-decoration: none; display: block;"
            >
              <div
                class="css-1jav04l"
              >
                <span
                  class="material-symbols-outlined"
                  style="font-size: 20px; transition: all 0.3s ease;"
                >
                  folder_zip
                </span>
                <p
                  class="css-5hra6z"
                >
                  File Tools
                </p>
              </div>
            </a>
          </div>
          <div
            class="css-rtymh1"
          >
            <a
              class=""
              data-discover="true"
              href="/internet-tools"
              style="text-decoration: none; display: block;"
            >
              <div
                class="css-1jav04l"
              >
                <span
                  class="material-symbols-outlined"
                  style="font-size: 20px; transition: all 0.3s ease;"
                >
                  language
                </span>
                <p
                  class="css-5hra6z"
                >
                  Internet Tools
                </p>
              </div>
            </a>
          </div>
          <div
            class="css-rtymh1"
          >
            <a
              class=""
              data-discover="true"
              href="/social-tools"
              style="text-decoration: none; display: block;"
            >
              <div
                class="css-1jav04l"
              >
                <span
                  class="material-symbols-outlined"
                  style="font-size: 20px; transition: all 0.3s ease;"
                >
                  groups
                </span>
                <p
                  class="css-5hra6z"
                >
                  Social Tools
                </p>
              </div>
            </a>
          </div>
          <div
            class="css-rtymh1"
          >
            <a
              class=""
              data-discover="true"
              href="/text-tools"
              style="text-decoration: none; display: block;"
            >
              <div
                class="css-1jav04l"
              >
                <span
                  class="material-symbols-outlined"
                  style="font-size: 20px; transition: all 0.3s ease;"
                >
                  text_fields
                </span>
                <p
                  class="css-5hra6z"
                >
                  Text Tools
                </p>
              </div>
            </a>
          </div>
          <div
            class="css-rtymh1"
          >
            <a
              class=""
              data-discover="true"
              href="/gaming-tools"
              style="text-decoration: none; display: block;"
            >
              <div
                class="css-1jav04l"
              >
                <span
                  class="material-symbols-outlined"
                  style="font-size: 20px; transition: all 0.3s ease;"
                >
                  sports_esports
                </span>
                <p
                  class="css-5hra6z"
                >
                  Gaming Tools
                </p>
              </div>
            </a>
          </div>
          <div
            class="css-rtymh1"
          >
            <a
              class=""
              data-discover="true"
              href="/image-tools"
              style="text-decoration: none; display: block;"
            >
              <div
                class="css-1jav04l"
              >
                <span
                  class="material-symbols-outlined"
                  style="font-size: 20px; transition: all 0.3s ease;"
                >
                  image
                </span>
                <p
                  class="css-5hra6z"
                >
                  Image Tools
                </p>
              </div>
            </a>
          </div>
          <div
            class="css-rtymh1"
          >
            <a
              class=""
              data-discover="true"
              href="/video-tools"
              style="text-decoration: none; display: block;"
            >
              <div
                class="css-1jav04l"
              >
                <span
                  class="material-symbols-outlined"
                  style="font-size: 20px; transition: all 0.3s ease;"
                >
                  video_library
                </span>
                <p
                  class="css-5hra6z"
                >
                  Video Tools
                </p>
              </div>
            </a>
          </div>
          <div
            class="css-rtymh1"
          >
            <a
              class=""
              data-discover="true"
              href="/audio-tools"
              style="text-decoration: none; display: block;"
            >
              <div
                class="css-1jav04l"
              >
                <span
                  class="material-symbols-outlined"
                  style="font-size: 20px; transition: all 0.3s ease;"
                >
                  headphones
                </span>
                <p
                  class="css-5hra6z"
                >
                  Audio Tools
                </p>
              </div>
            </a>
          </div>
          <div
            class="css-rtymh1"
          >
            <a
              class=""
              data-discover="true"
              href="/educational-tools"
              style="text-decoration: none; display: block;"
            >
              <div
                class="css-1jav04l"
              >
                <span
                  class="material-symbols-outlined"
                  style="font-size: 20px; transition: all 0.3s ease;"
                >
                  school
                </span>
                <p
                  class="css-5hra6z"
                >
                  Educational Tools
                </p>
              </div>
            </a>
          </div>
          <div
            class="css-rtymh1"
          >
            <a
              class=""
              data-discover="true"
              href="/developer-tools"
              style="text-decoration: none; display: block;"
            >
              <div
                class="css-1jav04l"
              >
                <span
                  class="material-symbols-outlined"
                  style="font-size: 20px; transition: all 0.3s ease;"
                >
                  terminal
                </span>
                <p
                  class="css-5hra6z"
                >
                  Developer Tools
                </p>
              </div>
            </a>
          </div>
        </div>
        <div
          class="css-choygu"
        >
          <div
            class="css-1lekzkb"
          >
            <p
              class="css-z6fwwq"
            >
              More
            </p>
            <span
              class="material-symbols-outlined"
              style="font-size: 16px; transform: rotate(180deg); transition: transform 0.3s cubic-bezier(0.4, 0, 0.2, 1);"
            >
              expand_more
            </span>
          </div>
          <div
            class="css-1xhv3dq"
          />
        </div>
        <div
          class="css-1xr1fxk"
        >
          <div
            class="css-rtymh1"
          >
            <a
              class=""
              data-discover="true"
              href="/uncategorised"
              style="text-decoration: none; display: block;"
            >
              <div
                class="css-1jav04l"
              >
                <span
                  class="material-symbols-outlined"
                  style="font-size: 20px; transition: all 0.3s ease;"
                >
                  folder_open
                </span>
                <p
                  class="css-5hra6z"
                >
                  Uncategorised
                </p>
              </div>
            </a>
          </div>
        </div>
      </div>
    </nav>
    <main
      class="css-115r48m"
    />
    <footer
      class="css-17y9hbq"
    >
      <div
        class="css-1ocneyr"
      >
        <div>
          <a
            class="chakra-link css-1w9d65j"
            href="https://worldoftech.co.in"
            rel="noopener noreferrer"
            target="_blank"
          >
            <p
              class="css-psxnlr"
            >
              WorldOfTech
            </p>
          </a>
          <p
            class="css-1x7du1n"
          >
            Curating the finest technology resources for the modern developer elite.
          </p>
        </div>
        <div
          class="chakra-stack css-i5wwxt"
        >
          <div
            class="chakra-stack css-16p2oxl"
          >
            <p
              class="css-15lbfbi"
            >
              Connect
            </p>
            <a
              class="chakra-link css-klqc50"
              href="https://worldoftech.co.in"
              rel="noopener noreferrer"
              target="_blank"
            >
              Website
            </a>
            <a
              class="chakra-link css-klqc50"
              href="https://github.com/WorldOfTech0/WOT"
              rel="noopener noreferrer"
              target="_blank"
            >
              GitHub
            </a>
            <a
              class="chakra-link css-klqc50"
              href="#"
            >
              Twitter
            </a>
          </div>
          <div
            class="chakra-stack css-16p2oxl"
          >
            <p
              class="css-15lbfbi"
            >
              Legal
            </p>
            <a
              data-discover="true"
              href="/privacy"
              style="text-decoration: none;"
            >
              <p
                class="css-15jvvgl"
              >
                Privacy
              </p>
            </a>
            <a
              data-discover="true"
              href="/terms"
              style="text-decoration: none;"
            >
              <p
                class="css-15jvvgl"
              >
                Terms
              </p>
            </a>
            <a
              class="chakra-link css-klqc50"
              href="https://worldoftech.co.in/sitemap.xml"
              rel="noopener noreferrer"
              target="_blank"
            >
              Sitemap
            </a>
          </div>
        </div>
      </div>
      <div
        class="css-15qeq3o"
      >
        <div
          class="css-1ujh7in"
        >
          <p
            class="css-13k715q"
          >
            © 2026 WORLDOFTECH.CO.IN // ALL RIGHTS RESERVED.
          </p>
          <p
            class="css-13k715q"
          >
            STAY CURIOUS. STAY ELITE.
          </p>
        </div>
      </div>
    </footer>
  </div>
</div>
`;
