// Jest Snapshot v1, https://goo.gl/fbAQLP

exports[`CategoryLayout should render correctly for media category 1`] = `
<div>
  <div
    class="css-1115lm6"
  >
    <title>
      Media | WorldOfTech
    </title>
    <meta
      content="Elite streaming, download, and media management platforms."
      name="description"
    />
    <meta
      content="technology, tools, developer tools, system utilities, media streaming, ai resources, learning"
      name="keywords"
    />
    <meta
      content="index, follow"
      name="robots"
    />
    <link
      href="https://worldoftech.dev/media"
      rel="canonical"
    />
    <meta
      content="website"
      property="og:type"
    />
    <meta
      content="Media"
      property="og:title"
    />
    <meta
      content="Elite streaming, download, and media management platforms."
      property="og:description"
    />
    <meta
      content="https://worldoftech.dev/og-image.png"
      property="og:image"
    />
    <meta
      content="https://worldoftech.dev/media"
      property="og:url"
    />
    <meta
      content="WorldOfTech"
      property="og:site_name"
    />
    <meta
      content="summary_large_image"
      name="twitter:card"
    />
    <meta
      content="Media"
      name="twitter:title"
    />
    <meta
      content="Elite streaming, download, and media management platforms."
      name="twitter:description"
    />
    <meta
      content="https://worldoftech.dev/og-image.png"
      name="twitter:image"
    />
    <meta
      content="@worldoftech"
      name="twitter:creator"
    />
    <script
      type="application/ld+json"
    >
      {"@context":"https://schema.org","@type":"BreadcrumbList","itemListElement":[{"@type":"ListItem","position":1,"name":"Home","item":"https://worldoftech.dev"},{"@type":"ListItem","position":2,"name":"Media","item":"https://worldoftech.dev/media"}]}
    </script>
    <div
      class="chakra-container css-1a9hjhw"
    >
      <div
        class="chakra-stack css-tnpn78"
      >
        <div
          class="css-bcgeba"
        >
          <div
            class="chakra-stack css-3og85p"
          >
            <h2
              class="chakra-heading css-2jj4nw"
            >
              Media
            </h2>
            <p
              class="css-15ahe7o"
            >
              Elite streaming, download, and media management platforms.
            </p>
          </div>
          <div
            class="chakra-stack css-1q685yr"
          >
            <button
              class="css-1tedx3k"
            >
              <span
                class="material-symbols-outlined"
                style="font-size: 20px;"
              >
                grid_view
              </span>
            </button>
            <button
              class="css-a7ol5o"
            >
              <span
                class="material-symbols-outlined"
                style="font-size: 20px;"
              >
                view_list
              </span>
            </button>
          </div>
        </div>
        <div
          class="css-1r3xz02"
        >
          <a
            data-discover="true"
            href="/media/streaming"
            style="text-decoration: none;"
          >
            <div
              class="css-10sfsnx"
            >
              <div
                class="css-1tgh9hn"
              >
                <span
                  class="material-symbols-outlined css-1doa38h"
                >
                  play_circle
                </span>
                <div
                  class="chakra-stack css-10c7tj2"
                >
                  <h2
                    class="chakra-heading css-d6brhe"
                  >
                    Streaming Sites
                  </h2>
                  <p
                    class="css-n9qw6r"
                  >
                    Free movie, TV show, and anime streaming platforms.
                  </p>
                </div>
              </div>
            </div>
          </a>
          <a
            data-discover="true"
            href="/media/live-sport"
            style="text-decoration: none;"
          >
            <div
              class="css-10sfsnx"
            >
              <div
                class="css-1tgh9hn"
              >
                <span
                  class="material-symbols-outlined css-1doa38h"
                >
                  sports_soccer
                </span>
                <div
                  class="chakra-stack css-10c7tj2"
                >
                  <h2
                    class="chakra-heading css-d6brhe"
                  >
                    Live Sports
                  </h2>
                  <p
                    class="css-n9qw6r"
                  >
                    Live event streaming for all major sports leagues.
                  </p>
                </div>
              </div>
            </div>
          </a>
          <a
            data-discover="true"
            href="/media/download-sites"
            style="text-decoration: none;"
          >
            <div
              class="css-10sfsnx"
            >
              <div
                class="css-1tgh9hn"
              >
                <span
                  class="material-symbols-outlined css-1doa38h"
                >
                  download
                </span>
                <div
                  class="chakra-stack css-10c7tj2"
                >
                  <h2
                    class="chakra-heading css-d6brhe"
                  >
                    Download Sites
                  </h2>
                  <p
                    class="css-n9qw6r"
                  >
                    Direct download links for movies, software, and games.
                  </p>
                </div>
              </div>
            </div>
          </a>
          <a
            data-discover="true"
            href="/media/torrent"
            style="text-decoration: none;"
          >
            <div
              class="css-10sfsnx"
            >
              <div
                class="css-1tgh9hn"
              >
                <span
                  class="material-symbols-outlined css-1doa38h"
                >
                  file_download
                </span>
                <div
                  class="chakra-stack css-10c7tj2"
                >
                  <h2
                    class="chakra-heading css-d6brhe"
                  >
                    Torrent Sites
                  </h2>
                  <p
                    class="css-n9qw6r"
                  >
                    Curated index of reliable public and private trackers.
                  </p>
                </div>
              </div>
            </div>
          </a>
          <a
            data-discover="true"
            href="/media/subtitle-tools"
            style="text-decoration: none;"
          >
            <div
              class="css-10sfsnx"
            >
              <div
                class="css-1tgh9hn"
              >
                <span
                  class="material-symbols-outlined css-1doa38h"
                >
                  subtitles
                </span>
                <div
                  class="chakra-stack css-10c7tj2"
                >
                  <h2
                    class="chakra-heading css-d6brhe"
                  >
                    Subtitle Tools
                  </h2>
                  <p
                    class="css-n9qw6r"
                  >
                    Subtitle downloaders, editors, and synchronization utilities.
                  </p>
                </div>
              </div>
            </div>
          </a>
          <a
            data-discover="true"
            href="/media/media-tracking"
            style="text-decoration: none;"
          >
            <div
              class="css-10sfsnx"
            >
              <div
                class="css-1tgh9hn"
              >
                <span
                  class="material-symbols-outlined css-1doa38h"
                >
                  analytics
                </span>
                <div
                  class="chakra-stack css-10c7tj2"
                >
                  <h2
                    class="chakra-heading css-d6brhe"
                  >
                    Media Tracking
                  </h2>
                  <p
                    class="css-n9qw6r"
                  >
                    Platforms for tracking your movie, TV, and anime progress.
                  </p>
                </div>
              </div>
            </div>
          </a>
          <a
            data-discover="true"
            href="/media/misc"
            style="text-decoration: none;"
          >
            <div
              class="css-10sfsnx"
            >
              <div
                class="css-1tgh9hn"
              >
                <span
                  class="material-symbols-outlined css-1doa38h"
                >
                  more_horiz
                </span>
                <div
                  class="chakra-stack css-10c7tj2"
                >
                  <h2
                    class="chakra-heading css-d6brhe"
                  >
                    Miscellaneous
                  </h2>
                  <p
                    class="css-n9qw6r"
                  >
                    Other media-related tools and niche resource collections.
                  </p>
                </div>
              </div>
            </div>
          </a>
        </div>
      </div>
    </div>
  </div>
</div>
`;

exports[`CategoryLayout should render correctly for tools category 1`] = `<div />`;
